Archive member included to satisfy reference by file (symbol)

/home/users/aag/code/gcc-arm-none-eabi-7-2018-q2-update/bin/../lib/gcc/arm-none-eabi/7.3.1/../../../../arm-none-eabi/lib/thumb/v6-m/libc_nano.a(lib_a-exit.o)
                              /home/users/aag/code/gcc-arm-none-eabi-7-2018-q2-update/bin/../lib/gcc/arm-none-eabi/7.3.1/../../../../arm-none-eabi/lib/thumb/v6-m/crt0.o (exit)
/home/users/aag/code/gcc-arm-none-eabi-7-2018-q2-update/bin/../lib/gcc/arm-none-eabi/7.3.1/../../../../arm-none-eabi/lib/thumb/v6-m/libc_nano.a(lib_a-impure.o)
                              /home/users/aag/code/gcc-arm-none-eabi-7-2018-q2-update/bin/../lib/gcc/arm-none-eabi/7.3.1/../../../../arm-none-eabi/lib/thumb/v6-m/libc_nano.a(lib_a-exit.o) (_global_impure_ptr)
/home/users/aag/code/gcc-arm-none-eabi-7-2018-q2-update/bin/../lib/gcc/arm-none-eabi/7.3.1/../../../../arm-none-eabi/lib/thumb/v6-m/libc_nano.a(lib_a-init.o)
                              /home/users/aag/code/gcc-arm-none-eabi-7-2018-q2-update/bin/../lib/gcc/arm-none-eabi/7.3.1/../../../../arm-none-eabi/lib/thumb/v6-m/crt0.o (__libc_init_array)
/home/users/aag/code/gcc-arm-none-eabi-7-2018-q2-update/bin/../lib/gcc/arm-none-eabi/7.3.1/../../../../arm-none-eabi/lib/thumb/v6-m/libc_nano.a(lib_a-memset.o)
                              /home/users/aag/code/gcc-arm-none-eabi-7-2018-q2-update/bin/../lib/gcc/arm-none-eabi/7.3.1/../../../../arm-none-eabi/lib/thumb/v6-m/crt0.o (memset)
/home/users/aag/code/gcc-arm-none-eabi-7-2018-q2-update/bin/../lib/gcc/arm-none-eabi/7.3.1/../../../../arm-none-eabi/lib/thumb/v6-m/libnosys.a(_exit.o)
                              /home/users/aag/code/gcc-arm-none-eabi-7-2018-q2-update/bin/../lib/gcc/arm-none-eabi/7.3.1/../../../../arm-none-eabi/lib/thumb/v6-m/libc_nano.a(lib_a-exit.o) (_exit)

Discarded input sections

 .text          0x0000000000000000        0x0 /home/users/aag/code/gcc-arm-none-eabi-7-2018-q2-update/bin/../lib/gcc/arm-none-eabi/7.3.1/thumb/v6-m/crti.o
 .data          0x0000000000000000        0x0 /home/users/aag/code/gcc-arm-none-eabi-7-2018-q2-update/bin/../lib/gcc/arm-none-eabi/7.3.1/thumb/v6-m/crti.o
 .bss           0x0000000000000000        0x0 /home/users/aag/code/gcc-arm-none-eabi-7-2018-q2-update/bin/../lib/gcc/arm-none-eabi/7.3.1/thumb/v6-m/crti.o
 .data          0x0000000000000000        0x4 /home/users/aag/code/gcc-arm-none-eabi-7-2018-q2-update/bin/../lib/gcc/arm-none-eabi/7.3.1/thumb/v6-m/crtbegin.o
 .text          0x0000000000000000       0x78 /home/users/aag/code/gcc-arm-none-eabi-7-2018-q2-update/bin/../lib/gcc/arm-none-eabi/7.3.1/../../../../arm-none-eabi/lib/thumb/v6-m/crt0.o
 .data          0x0000000000000000        0x0 /home/users/aag/code/gcc-arm-none-eabi-7-2018-q2-update/bin/../lib/gcc/arm-none-eabi/7.3.1/../../../../arm-none-eabi/lib/thumb/v6-m/crt0.o
 .bss           0x0000000000000000        0x0 /home/users/aag/code/gcc-arm-none-eabi-7-2018-q2-update/bin/../lib/gcc/arm-none-eabi/7.3.1/../../../../arm-none-eabi/lib/thumb/v6-m/crt0.o
 .ARM.extab     0x0000000000000000        0x0 /home/users/aag/code/gcc-arm-none-eabi-7-2018-q2-update/bin/../lib/gcc/arm-none-eabi/7.3.1/../../../../arm-none-eabi/lib/thumb/v6-m/crt0.o
 .ARM.exidx     0x0000000000000000        0x8 /home/users/aag/code/gcc-arm-none-eabi-7-2018-q2-update/bin/../lib/gcc/arm-none-eabi/7.3.1/../../../../arm-none-eabi/lib/thumb/v6-m/crt0.o
 .ARM.attributes
                0x0000000000000000       0x1b /home/users/aag/code/gcc-arm-none-eabi-7-2018-q2-update/bin/../lib/gcc/arm-none-eabi/7.3.1/../../../../arm-none-eabi/lib/thumb/v6-m/crt0.o
 .group         0x0000000000000000        0x8 build/main.o
 .text          0x0000000000000000        0x0 build/main.o
 .data          0x0000000000000000        0x0 build/main.o
 .bss           0x0000000000000000        0x0 build/main.o
 .text._ZN5Timer6notifyEv
                0x0000000000000000        0x8 build/main.o
 .text._ZN3mcu3DMA21clear_interrupt_flagsENS_8DMA_bits7ChannelE
                0x0000000000000000       0x58 build/main.o
 .text._ZN3mcu3DMA30is_transfer_complete_interruptENS_8DMA_bits7ChannelE
                0x0000000000000000       0x42 build/main.o
 .text._ZN5Timer5eventEv
                0x0000000000000000       0x12 build/main.o
 .text._ZN5Timer4doneEv
                0x0000000000000000        0xe build/main.o
 .text._ZN5Timer7isCountEv
                0x0000000000000000        0x4 build/main.o
 .text._ZN5Timer10timePassedEv
                0x0000000000000000        0x4 build/main.o
 .text._ZN5Timer8timeLeftEv
                0x0000000000000000        0x8 build/main.o
 .text._ZN5Timer9isGreaterEm
                0x0000000000000000        0xa build/main.o
 .text._ZN14TickSubscriber11unsubscribeEv
                0x0000000000000000       0x40 build/main.o
 .text._ZN5Timer4stopEv
                0x0000000000000000        0xc build/main.o
 .text._ZN5Timer5pauseEv
                0x0000000000000000        0x8 build/main.o
 .text._ZN14TickSubscriber9subscribeEv
                0x0000000000000000       0x28 build/main.o
 .text._ZN5Timer5startEm
                0x0000000000000000        0xa build/main.o
 .text._ZN5Timer5startEv
                0x0000000000000000        0x8 build/main.o
 .text.init_clock
                0x0000000000000000        0x2 build/main.o
 .rodata._ZTV5Timer
                0x0000000000000000        0xc build/main.o
 .text          0x0000000000000000       0x14 build/startup_stm32f103xb.o
 .data          0x0000000000000000        0x0 build/startup_stm32f103xb.o
 .bss           0x0000000000000000        0x0 build/startup_stm32f103xb.o
 .text          0x0000000000000000        0x0 /home/users/aag/code/gcc-arm-none-eabi-7-2018-q2-update/bin/../lib/gcc/arm-none-eabi/7.3.1/../../../../arm-none-eabi/lib/thumb/v6-m/libc_nano.a(lib_a-exit.o)
 .data          0x0000000000000000        0x0 /home/users/aag/code/gcc-arm-none-eabi-7-2018-q2-update/bin/../lib/gcc/arm-none-eabi/7.3.1/../../../../arm-none-eabi/lib/thumb/v6-m/libc_nano.a(lib_a-exit.o)
 .bss           0x0000000000000000        0x0 /home/users/aag/code/gcc-arm-none-eabi-7-2018-q2-update/bin/../lib/gcc/arm-none-eabi/7.3.1/../../../../arm-none-eabi/lib/thumb/v6-m/libc_nano.a(lib_a-exit.o)
 .text.exit     0x0000000000000000       0x2c /home/users/aag/code/gcc-arm-none-eabi-7-2018-q2-update/bin/../lib/gcc/arm-none-eabi/7.3.1/../../../../arm-none-eabi/lib/thumb/v6-m/libc_nano.a(lib_a-exit.o)
 .debug_frame   0x0000000000000000       0x28 /home/users/aag/code/gcc-arm-none-eabi-7-2018-q2-update/bin/../lib/gcc/arm-none-eabi/7.3.1/../../../../arm-none-eabi/lib/thumb/v6-m/libc_nano.a(lib_a-exit.o)
 .ARM.attributes
                0x0000000000000000       0x2c /home/users/aag/code/gcc-arm-none-eabi-7-2018-q2-update/bin/../lib/gcc/arm-none-eabi/7.3.1/../../../../arm-none-eabi/lib/thumb/v6-m/libc_nano.a(lib_a-exit.o)
 .text          0x0000000000000000        0x0 /home/users/aag/code/gcc-arm-none-eabi-7-2018-q2-update/bin/../lib/gcc/arm-none-eabi/7.3.1/../../../../arm-none-eabi/lib/thumb/v6-m/libc_nano.a(lib_a-impure.o)
 .data          0x0000000000000000        0x0 /home/users/aag/code/gcc-arm-none-eabi-7-2018-q2-update/bin/../lib/gcc/arm-none-eabi/7.3.1/../../../../arm-none-eabi/lib/thumb/v6-m/libc_nano.a(lib_a-impure.o)
 .bss           0x0000000000000000        0x0 /home/users/aag/code/gcc-arm-none-eabi-7-2018-q2-update/bin/../lib/gcc/arm-none-eabi/7.3.1/../../../../arm-none-eabi/lib/thumb/v6-m/libc_nano.a(lib_a-impure.o)
 .data._impure_ptr
                0x0000000000000000        0x4 /home/users/aag/code/gcc-arm-none-eabi-7-2018-q2-update/bin/../lib/gcc/arm-none-eabi/7.3.1/../../../../arm-none-eabi/lib/thumb/v6-m/libc_nano.a(lib_a-impure.o)
 .data.impure_data
                0x0000000000000000       0x60 /home/users/aag/code/gcc-arm-none-eabi-7-2018-q2-update/bin/../lib/gcc/arm-none-eabi/7.3.1/../../../../arm-none-eabi/lib/thumb/v6-m/libc_nano.a(lib_a-impure.o)
 .rodata._global_impure_ptr
                0x0000000000000000        0x4 /home/users/aag/code/gcc-arm-none-eabi-7-2018-q2-update/bin/../lib/gcc/arm-none-eabi/7.3.1/../../../../arm-none-eabi/lib/thumb/v6-m/libc_nano.a(lib_a-impure.o)
 .ARM.attributes
                0x0000000000000000       0x2c /home/users/aag/code/gcc-arm-none-eabi-7-2018-q2-update/bin/../lib/gcc/arm-none-eabi/7.3.1/../../../../arm-none-eabi/lib/thumb/v6-m/libc_nano.a(lib_a-impure.o)
 .text          0x0000000000000000        0x0 /home/users/aag/code/gcc-arm-none-eabi-7-2018-q2-update/bin/../lib/gcc/arm-none-eabi/7.3.1/../../../../arm-none-eabi/lib/thumb/v6-m/libc_nano.a(lib_a-init.o)
 .data          0x0000000000000000        0x0 /home/users/aag/code/gcc-arm-none-eabi-7-2018-q2-update/bin/../lib/gcc/arm-none-eabi/7.3.1/../../../../arm-none-eabi/lib/thumb/v6-m/libc_nano.a(lib_a-init.o)
 .bss           0x0000000000000000        0x0 /home/users/aag/code/gcc-arm-none-eabi-7-2018-q2-update/bin/../lib/gcc/arm-none-eabi/7.3.1/../../../../arm-none-eabi/lib/thumb/v6-m/libc_nano.a(lib_a-init.o)
 .text          0x0000000000000000        0x0 /home/users/aag/code/gcc-arm-none-eabi-7-2018-q2-update/bin/../lib/gcc/arm-none-eabi/7.3.1/../../../../arm-none-eabi/lib/thumb/v6-m/libc_nano.a(lib_a-memset.o)
 .data          0x0000000000000000        0x0 /home/users/aag/code/gcc-arm-none-eabi-7-2018-q2-update/bin/../lib/gcc/arm-none-eabi/7.3.1/../../../../arm-none-eabi/lib/thumb/v6-m/libc_nano.a(lib_a-memset.o)
 .bss           0x0000000000000000        0x0 /home/users/aag/code/gcc-arm-none-eabi-7-2018-q2-update/bin/../lib/gcc/arm-none-eabi/7.3.1/../../../../arm-none-eabi/lib/thumb/v6-m/libc_nano.a(lib_a-memset.o)
 .text.memset   0x0000000000000000       0x10 /home/users/aag/code/gcc-arm-none-eabi-7-2018-q2-update/bin/../lib/gcc/arm-none-eabi/7.3.1/../../../../arm-none-eabi/lib/thumb/v6-m/libc_nano.a(lib_a-memset.o)
 .debug_frame   0x0000000000000000       0x20 /home/users/aag/code/gcc-arm-none-eabi-7-2018-q2-update/bin/../lib/gcc/arm-none-eabi/7.3.1/../../../../arm-none-eabi/lib/thumb/v6-m/libc_nano.a(lib_a-memset.o)
 .ARM.attributes
                0x0000000000000000       0x2c /home/users/aag/code/gcc-arm-none-eabi-7-2018-q2-update/bin/../lib/gcc/arm-none-eabi/7.3.1/../../../../arm-none-eabi/lib/thumb/v6-m/libc_nano.a(lib_a-memset.o)
 .text          0x0000000000000000        0x0 /home/users/aag/code/gcc-arm-none-eabi-7-2018-q2-update/bin/../lib/gcc/arm-none-eabi/7.3.1/../../../../arm-none-eabi/lib/thumb/v6-m/libnosys.a(_exit.o)
 .data          0x0000000000000000        0x0 /home/users/aag/code/gcc-arm-none-eabi-7-2018-q2-update/bin/../lib/gcc/arm-none-eabi/7.3.1/../../../../arm-none-eabi/lib/thumb/v6-m/libnosys.a(_exit.o)
 .bss           0x0000000000000000        0x0 /home/users/aag/code/gcc-arm-none-eabi-7-2018-q2-update/bin/../lib/gcc/arm-none-eabi/7.3.1/../../../../arm-none-eabi/lib/thumb/v6-m/libnosys.a(_exit.o)
 .text._exit    0x0000000000000000        0x4 /home/users/aag/code/gcc-arm-none-eabi-7-2018-q2-update/bin/../lib/gcc/arm-none-eabi/7.3.1/../../../../arm-none-eabi/lib/thumb/v6-m/libnosys.a(_exit.o)
 .debug_frame   0x0000000000000000       0x20 /home/users/aag/code/gcc-arm-none-eabi-7-2018-q2-update/bin/../lib/gcc/arm-none-eabi/7.3.1/../../../../arm-none-eabi/lib/thumb/v6-m/libnosys.a(_exit.o)
 .ARM.attributes
                0x0000000000000000       0x2c /home/users/aag/code/gcc-arm-none-eabi-7-2018-q2-update/bin/../lib/gcc/arm-none-eabi/7.3.1/../../../../arm-none-eabi/lib/thumb/v6-m/libnosys.a(_exit.o)
 .text          0x0000000000000000        0x0 /home/users/aag/code/gcc-arm-none-eabi-7-2018-q2-update/bin/../lib/gcc/arm-none-eabi/7.3.1/thumb/v6-m/crtend.o
 .data          0x0000000000000000        0x0 /home/users/aag/code/gcc-arm-none-eabi-7-2018-q2-update/bin/../lib/gcc/arm-none-eabi/7.3.1/thumb/v6-m/crtend.o
 .bss           0x0000000000000000        0x0 /home/users/aag/code/gcc-arm-none-eabi-7-2018-q2-update/bin/../lib/gcc/arm-none-eabi/7.3.1/thumb/v6-m/crtend.o
 .eh_frame      0x0000000000000000        0x4 /home/users/aag/code/gcc-arm-none-eabi-7-2018-q2-update/bin/../lib/gcc/arm-none-eabi/7.3.1/thumb/v6-m/crtend.o
 .ARM.attributes
                0x0000000000000000       0x2c /home/users/aag/code/gcc-arm-none-eabi-7-2018-q2-update/bin/../lib/gcc/arm-none-eabi/7.3.1/thumb/v6-m/crtend.o
 .text          0x0000000000000000        0x0 /home/users/aag/code/gcc-arm-none-eabi-7-2018-q2-update/bin/../lib/gcc/arm-none-eabi/7.3.1/thumb/v6-m/crtn.o
 .data          0x0000000000000000        0x0 /home/users/aag/code/gcc-arm-none-eabi-7-2018-q2-update/bin/../lib/gcc/arm-none-eabi/7.3.1/thumb/v6-m/crtn.o
 .bss           0x0000000000000000        0x0 /home/users/aag/code/gcc-arm-none-eabi-7-2018-q2-update/bin/../lib/gcc/arm-none-eabi/7.3.1/thumb/v6-m/crtn.o

Memory Configuration

Name             Origin             Length             Attributes
RAM              0x0000000020000000 0x0000000000005000 xrw
FLASH            0x0000000008000000 0x0000000000020000 xr
*default*        0x0000000000000000 0xffffffffffffffff

Linker script and memory map

LOAD /home/users/aag/code/gcc-arm-none-eabi-7-2018-q2-update/bin/../lib/gcc/arm-none-eabi/7.3.1/thumb/v6-m/crti.o
LOAD /home/users/aag/code/gcc-arm-none-eabi-7-2018-q2-update/bin/../lib/gcc/arm-none-eabi/7.3.1/thumb/v6-m/crtbegin.o
LOAD /home/users/aag/code/gcc-arm-none-eabi-7-2018-q2-update/bin/../lib/gcc/arm-none-eabi/7.3.1/../../../../arm-none-eabi/lib/thumb/v6-m/crt0.o
LOAD build/main.o
LOAD build/startup_stm32f103xb.o
LOAD /home/users/aag/code/gcc-arm-none-eabi-7-2018-q2-update/bin/../lib/gcc/arm-none-eabi/7.3.1/../../../../arm-none-eabi/lib/thumb/v6-m/libnosys.a
LOAD /home/users/aag/code/gcc-arm-none-eabi-7-2018-q2-update/bin/../lib/gcc/arm-none-eabi/7.3.1/../../../../arm-none-eabi/lib/thumb/v6-m/libstdc++_nano.a
LOAD /home/users/aag/code/gcc-arm-none-eabi-7-2018-q2-update/bin/../lib/gcc/arm-none-eabi/7.3.1/../../../../arm-none-eabi/lib/thumb/v6-m/libm.a
LOAD /home/users/aag/code/gcc-arm-none-eabi-7-2018-q2-update/bin/../lib/gcc/arm-none-eabi/7.3.1/../../../../arm-none-eabi/lib/thumb/v6-m/libc_nano.a
START GROUP
LOAD /home/users/aag/code/gcc-arm-none-eabi-7-2018-q2-update/bin/../lib/gcc/arm-none-eabi/7.3.1/thumb/v6-m/libgcc.a
LOAD /home/users/aag/code/gcc-arm-none-eabi-7-2018-q2-update/bin/../lib/gcc/arm-none-eabi/7.3.1/../../../../arm-none-eabi/lib/thumb/v6-m/libc_nano.a
END GROUP
START GROUP
LOAD /home/users/aag/code/gcc-arm-none-eabi-7-2018-q2-update/bin/../lib/gcc/arm-none-eabi/7.3.1/thumb/v6-m/libgcc.a
LOAD /home/users/aag/code/gcc-arm-none-eabi-7-2018-q2-update/bin/../lib/gcc/arm-none-eabi/7.3.1/../../../../arm-none-eabi/lib/thumb/v6-m/libc_nano.a
LOAD /home/users/aag/code/gcc-arm-none-eabi-7-2018-q2-update/bin/../lib/gcc/arm-none-eabi/7.3.1/../../../../arm-none-eabi/lib/thumb/v6-m/libnosys.a
END GROUP
START GROUP
LOAD /home/users/aag/code/gcc-arm-none-eabi-7-2018-q2-update/bin/../lib/gcc/arm-none-eabi/7.3.1/thumb/v6-m/libgcc.a
LOAD /home/users/aag/code/gcc-arm-none-eabi-7-2018-q2-update/bin/../lib/gcc/arm-none-eabi/7.3.1/../../../../arm-none-eabi/lib/thumb/v6-m/libc_nano.a
LOAD /home/users/aag/code/gcc-arm-none-eabi-7-2018-q2-update/bin/../lib/gcc/arm-none-eabi/7.3.1/../../../../arm-none-eabi/lib/thumb/v6-m/libnosys.a
END GROUP
LOAD /home/users/aag/code/gcc-arm-none-eabi-7-2018-q2-update/bin/../lib/gcc/arm-none-eabi/7.3.1/thumb/v6-m/crtend.o
LOAD /home/users/aag/code/gcc-arm-none-eabi-7-2018-q2-update/bin/../lib/gcc/arm-none-eabi/7.3.1/thumb/v6-m/crtn.o
                0x0000000020005000                _estack = 0x20005000
                0x0000000000000200                _Min_Heap_Size = 0x200
                0x0000000000000400                _Min_Stack_Size = 0x400

.isr_vector     0x0000000008000000      0x10c
                0x0000000008000000                . = ALIGN (0x4)
 *(.isr_vector)
 .isr_vector    0x0000000008000000      0x10c build/startup_stm32f103xb.o
                0x0000000008000000                g_pfnVectors
                0x000000000800010c                . = ALIGN (0x4)

.text           0x000000000800010c      0x38c
                0x000000000800010c                . = ALIGN (0x4)
 *(.text)
 .text          0x000000000800010c       0x48 /home/users/aag/code/gcc-arm-none-eabi-7-2018-q2-update/bin/../lib/gcc/arm-none-eabi/7.3.1/thumb/v6-m/crtbegin.o
 *(.text*)
 .text.SysTick_Handler
                0x0000000008000154       0x1c build/main.o
                0x0000000008000154                SysTick_Handler
 .text._ZN9Interrupt9interruptEv
                0x0000000008000170       0x16 build/main.o
                0x0000000008000170                Interrupt::interrupt()
 .text.WWDG_IRQHandler
                0x0000000008000186        0x2 build/main.o
                0x0000000008000186                WWDG_IRQHandler
 .text.PVD_IRQHandler
                0x0000000008000188        0x2 build/main.o
                0x0000000008000188                PVD_IRQHandler
 .text.TAMPER_IRQHandler
                0x000000000800018a        0x2 build/main.o
                0x000000000800018a                TAMPER_IRQHandler
 .text.RTC_IRQHandler
                0x000000000800018c        0x2 build/main.o
                0x000000000800018c                RTC_IRQHandler
 .text.FLASH_IRQHandler
                0x000000000800018e        0x2 build/main.o
                0x000000000800018e                FLASH_IRQHandler
 .text.RCC_IRQHandler
                0x0000000008000190        0x2 build/main.o
                0x0000000008000190                RCC_IRQHandler
 .text.EXTI0_IRQHandler
                0x0000000008000192        0x2 build/main.o
                0x0000000008000192                EXTI0_IRQHandler
 .text.EXTI1_IRQHandler
                0x0000000008000194        0x2 build/main.o
                0x0000000008000194                EXTI1_IRQHandler
 .text.EXTI2_IRQHandler
                0x0000000008000196        0x2 build/main.o
                0x0000000008000196                EXTI2_IRQHandler
 .text.EXTI3_IRQHandler
                0x0000000008000198        0x2 build/main.o
                0x0000000008000198                EXTI3_IRQHandler
 .text.EXTI4_IRQHandler
                0x000000000800019a        0x2 build/main.o
                0x000000000800019a                EXTI4_IRQHandler
 .text.ADC1_2_IRQHandler
                0x000000000800019c        0x2 build/main.o
                0x000000000800019c                ADC1_2_IRQHandler
 .text.USB_HP_CAN1_TX_IRQHandler
                0x000000000800019e        0x2 build/main.o
                0x000000000800019e                USB_HP_CAN1_TX_IRQHandler
 .text.USB_LP_CAN1_RX0_IRQHandler
                0x00000000080001a0        0x2 build/main.o
                0x00000000080001a0                USB_LP_CAN1_RX0_IRQHandler
 .text.CAN1_RX1_IRQHandler
                0x00000000080001a2        0x2 build/main.o
                0x00000000080001a2                CAN1_RX1_IRQHandler
 .text.CAN1_SCE_IRQHandler
                0x00000000080001a4        0x2 build/main.o
                0x00000000080001a4                CAN1_SCE_IRQHandler
 .text.EXTI9_5_IRQHandler
                0x00000000080001a6        0x2 build/main.o
                0x00000000080001a6                EXTI9_5_IRQHandler
 .text.TIM1_BRK_IRQHandler
                0x00000000080001a8        0x2 build/main.o
                0x00000000080001a8                TIM1_BRK_IRQHandler
 .text.TIM1_UP_IRQHandler
                0x00000000080001aa        0x2 build/main.o
                0x00000000080001aa                TIM1_UP_IRQHandler
 .text.TIM1_TRG_COM_IRQHandler
                0x00000000080001ac        0x2 build/main.o
                0x00000000080001ac                TIM1_TRG_COM_IRQHandler
 .text.TIM1_CC_IRQHandler
                0x00000000080001ae        0x2 build/main.o
                0x00000000080001ae                TIM1_CC_IRQHandler
 .text.TIM2_IRQHandler
                0x00000000080001b0        0x2 build/main.o
                0x00000000080001b0                TIM2_IRQHandler
 .text.TIM3_IRQHandler
                0x00000000080001b2        0x2 build/main.o
                0x00000000080001b2                TIM3_IRQHandler
 .text.TIM4_IRQHandler
                0x00000000080001b4        0x2 build/main.o
                0x00000000080001b4                TIM4_IRQHandler
 .text.I2C1_EV_IRQHandler
                0x00000000080001b6        0x2 build/main.o
                0x00000000080001b6                I2C1_EV_IRQHandler
 .text.I2C1_ER_IRQHandler
                0x00000000080001b8        0x2 build/main.o
                0x00000000080001b8                I2C1_ER_IRQHandler
 .text.I2C2_EV_IRQHandler
                0x00000000080001ba        0x2 build/main.o
                0x00000000080001ba                I2C2_EV_IRQHandler
 .text.I2C2_ER_IRQHandler
                0x00000000080001bc        0x2 build/main.o
                0x00000000080001bc                I2C2_ER_IRQHandler
 .text.SPI1_IRQHandler
                0x00000000080001be        0x2 build/main.o
                0x00000000080001be                SPI1_IRQHandler
 .text.SPI2_IRQHandler
                0x00000000080001c0        0x2 build/main.o
                0x00000000080001c0                SPI2_IRQHandler
 .text.EXTI15_10_IRQHandler
                0x00000000080001c2        0x2 build/main.o
                0x00000000080001c2                EXTI15_10_IRQHandler
 .text.RTC_Alarm_IRQHandler
                0x00000000080001c4        0x2 build/main.o
                0x00000000080001c4                RTC_Alarm_IRQHandler
 .text.USBWakeUp_IRQHandler
                0x00000000080001c6        0x2 build/main.o
                0x00000000080001c6                USBWakeUp_IRQHandler
 .text.USART1_IRQHandler
                0x00000000080001c8       0x10 build/main.o
                0x00000000080001c8                USART1_IRQHandler
 .text.USART2_IRQHandler
                0x00000000080001d8       0x10 build/main.o
                0x00000000080001d8                USART2_IRQHandler
 .text.USART3_IRQHandler
                0x00000000080001e8       0x10 build/main.o
                0x00000000080001e8                USART3_IRQHandler
 .text.DMA1_Channel1_IRQHandler
                0x00000000080001f8       0x10 build/main.o
                0x00000000080001f8                DMA1_Channel1_IRQHandler
 .text.DMA1_Channel2_IRQHandler
                0x0000000008000208       0x10 build/main.o
                0x0000000008000208                DMA1_Channel2_IRQHandler
 .text.DMA1_Channel3_IRQHandler
                0x0000000008000218       0x10 build/main.o
                0x0000000008000218                DMA1_Channel3_IRQHandler
 .text.DMA1_Channel4_IRQHandler
                0x0000000008000228       0x10 build/main.o
                0x0000000008000228                DMA1_Channel4_IRQHandler
 .text.DMA1_Channel5_IRQHandler
                0x0000000008000238       0x10 build/main.o
                0x0000000008000238                DMA1_Channel5_IRQHandler
 .text.DMA1_Channel6_IRQHandler
                0x0000000008000248       0x10 build/main.o
                0x0000000008000248                DMA1_Channel6_IRQHandler
 .text.DMA1_Channel7_IRQHandler
                0x0000000008000258       0x10 build/main.o
                0x0000000008000258                DMA1_Channel7_IRQHandler
 .text.startup.main
                0x0000000008000268      0x150 build/main.o
                0x0000000008000268                main
 .text.startup._GLOBAL__sub_I__ZN3mcu3DMA21clear_interrupt_flagsENS_8DMA_bits7ChannelE
                0x00000000080003b8       0x38 build/main.o
 .text.Reset_Handler
                0x00000000080003f0       0x44 build/startup_stm32f103xb.o
                0x00000000080003f0                Reset_Handler
 .text.Default_Handler
                0x0000000008000434        0x2 build/startup_stm32f103xb.o
                0x0000000008000434                DebugMon_Handler
                0x0000000008000434                HardFault_Handler
                0x0000000008000434                PendSV_Handler
                0x0000000008000434                NMI_Handler
                0x0000000008000434                UsageFault_Handler
                0x0000000008000434                Default_Handler
                0x0000000008000434                MemManage_Handler
                0x0000000008000434                SVC_Handler
                0x0000000008000434                BusFault_Handler
 *fill*         0x0000000008000436        0x2 
 .text.__libc_init_array
                0x0000000008000438       0x48 /home/users/aag/code/gcc-arm-none-eabi-7-2018-q2-update/bin/../lib/gcc/arm-none-eabi/7.3.1/../../../../arm-none-eabi/lib/thumb/v6-m/libc_nano.a(lib_a-init.o)
                0x0000000008000438                __libc_init_array
 *(.glue_7)
 .glue_7        0x0000000008000480        0x0 linker stubs
 *(.glue_7t)
 .glue_7t       0x0000000008000480        0x0 linker stubs
 *(.eh_frame)
 .eh_frame      0x0000000008000480        0x0 /home/users/aag/code/gcc-arm-none-eabi-7-2018-q2-update/bin/../lib/gcc/arm-none-eabi/7.3.1/thumb/v6-m/crtbegin.o
 *(.init)
 .init          0x0000000008000480        0x4 /home/users/aag/code/gcc-arm-none-eabi-7-2018-q2-update/bin/../lib/gcc/arm-none-eabi/7.3.1/thumb/v6-m/crti.o
                0x0000000008000480                _init
 .init          0x0000000008000484        0x8 /home/users/aag/code/gcc-arm-none-eabi-7-2018-q2-update/bin/../lib/gcc/arm-none-eabi/7.3.1/thumb/v6-m/crtn.o
 *(.fini)
 .fini          0x000000000800048c        0x4 /home/users/aag/code/gcc-arm-none-eabi-7-2018-q2-update/bin/../lib/gcc/arm-none-eabi/7.3.1/thumb/v6-m/crti.o
                0x000000000800048c                _fini
 .fini          0x0000000008000490        0x8 /home/users/aag/code/gcc-arm-none-eabi-7-2018-q2-update/bin/../lib/gcc/arm-none-eabi/7.3.1/thumb/v6-m/crtn.o
                0x0000000008000498                . = ALIGN (0x4)
                0x0000000008000498                _etext = .

.vfp11_veneer   0x0000000008000498        0x0
 .vfp11_veneer  0x0000000008000498        0x0 linker stubs

.v4_bx          0x0000000008000498        0x0
 .v4_bx         0x0000000008000498        0x0 linker stubs

.iplt           0x0000000008000498        0x0
 .iplt          0x0000000008000498        0x0 /home/users/aag/code/gcc-arm-none-eabi-7-2018-q2-update/bin/../lib/gcc/arm-none-eabi/7.3.1/thumb/v6-m/crtbegin.o

.rel.dyn        0x0000000008000498        0x0
 .rel.iplt      0x0000000008000498        0x0 /home/users/aag/code/gcc-arm-none-eabi-7-2018-q2-update/bin/../lib/gcc/arm-none-eabi/7.3.1/thumb/v6-m/crtbegin.o

.rodata         0x0000000008000498        0x0
                0x0000000008000498                . = ALIGN (0x4)
 *(.rodata)
 *(.rodata*)
                0x0000000008000498                . = ALIGN (0x4)

.ARM.extab
 *(.ARM.extab* .gnu.linkonce.armextab.*)

.ARM            0x0000000008000498        0x0
                0x0000000008000498                __exidx_start = .
 *(.ARM.exidx*)
                0x0000000008000498                __exidx_end = .

.preinit_array  0x0000000008000498        0x0
                0x0000000008000498                PROVIDE (__preinit_array_start = .)
 *(.preinit_array*)
                0x0000000008000498                PROVIDE (__preinit_array_end = .)

.init_array     0x0000000008000498        0x8
                0x0000000008000498                PROVIDE (__init_array_start = .)
 *(SORT_BY_NAME(.init_array.*))
 *(.init_array*)
 .init_array    0x0000000008000498        0x4 /home/users/aag/code/gcc-arm-none-eabi-7-2018-q2-update/bin/../lib/gcc/arm-none-eabi/7.3.1/thumb/v6-m/crtbegin.o
 .init_array    0x000000000800049c        0x4 build/main.o
                0x00000000080004a0                PROVIDE (__init_array_end = .)

.fini_array     0x00000000080004a0        0x4
                [!provide]                        PROVIDE (__fini_array_start = .)
 *(SORT_BY_NAME(.fini_array.*))
 *(.fini_array*)
 .fini_array    0x00000000080004a0        0x4 /home/users/aag/code/gcc-arm-none-eabi-7-2018-q2-update/bin/../lib/gcc/arm-none-eabi/7.3.1/thumb/v6-m/crtbegin.o
                [!provide]                        PROVIDE (__fini_array_end = .)
                0x00000000080004a4                _sidata = LOADADDR (.data)

.data           0x0000000020000000        0x0 load address 0x00000000080004a4
                0x0000000020000000                . = ALIGN (0x4)
                0x0000000020000000                _sdata = .
 *(.data)
 *(.data*)
                0x0000000020000000                . = ALIGN (0x4)
                0x0000000020000000                _edata = .

.igot.plt       0x0000000020000000        0x0 load address 0x00000000080004a4
 .igot.plt      0x0000000020000000        0x0 /home/users/aag/code/gcc-arm-none-eabi-7-2018-q2-update/bin/../lib/gcc/arm-none-eabi/7.3.1/thumb/v6-m/crtbegin.o
                0x0000000020000000                . = ALIGN (0x4)

.bss            0x0000000020000000       0x4c load address 0x00000000080004a4
                0x0000000020000000                _sbss = .
                0x0000000020000000                __bss_start__ = _sbss
 *(.bss)
 .bss           0x0000000020000000       0x1c /home/users/aag/code/gcc-arm-none-eabi-7-2018-q2-update/bin/../lib/gcc/arm-none-eabi/7.3.1/thumb/v6-m/crtbegin.o
 *(.bss*)
 .bss.interrupt_DMA_channel1
                0x000000002000001c        0x4 build/main.o
                0x000000002000001c                interrupt_DMA_channel1
 .bss.interrupt_DMA_channel2
                0x0000000020000020        0x4 build/main.o
                0x0000000020000020                interrupt_DMA_channel2
 .bss.interrupt_DMA_channel3
                0x0000000020000024        0x4 build/main.o
                0x0000000020000024                interrupt_DMA_channel3
 .bss.interrupt_DMA_channel4
                0x0000000020000028        0x4 build/main.o
                0x0000000020000028                interrupt_DMA_channel4
 .bss.interrupt_DMA_channel5
                0x000000002000002c        0x4 build/main.o
                0x000000002000002c                interrupt_DMA_channel5
 .bss.interrupt_DMA_channel6
                0x0000000020000030        0x4 build/main.o
                0x0000000020000030                interrupt_DMA_channel6
 .bss.interrupt_DMA_channel7
                0x0000000020000034        0x4 build/main.o
                0x0000000020000034                interrupt_DMA_channel7
 .bss.interrupt_usart1
                0x0000000020000038        0x4 build/main.o
                0x0000000020000038                interrupt_usart1
 .bss.interrupt_usart2
                0x000000002000003c        0x4 build/main.o
                0x000000002000003c                interrupt_usart2
 .bss.interrupt_usart3
                0x0000000020000040        0x4 build/main.o
                0x0000000020000040                interrupt_usart3
 .bss.tickUpdater
                0x0000000020000044        0x8 build/main.o
                0x0000000020000044                tickUpdater
 *(COMMON)
                0x000000002000004c                . = ALIGN (0x4)
                0x000000002000004c                _ebss = .
                0x000000002000004c                __bss_end__ = _ebss

._user_heap_stack
                0x000000002000004c      0x604 load address 0x00000000080004a4
                0x0000000020000050                . = ALIGN (0x8)
 *fill*         0x000000002000004c        0x4 
                [!provide]                        PROVIDE (end = .)
                [!provide]                        PROVIDE (_end = .)
                0x0000000020000250                . = (. + _Min_Heap_Size)
 *fill*         0x0000000020000050      0x200 
                0x0000000020000650                . = (. + _Min_Stack_Size)
 *fill*         0x0000000020000250      0x400 
                0x0000000020000650                . = ALIGN (0x8)

/DISCARD/
 libc.a(*)
 libm.a(*)
 libgcc.a(*)

.ARM.attributes
                0x0000000000000000       0x2d
 *(.ARM.attributes)
 .ARM.attributes
                0x0000000000000000       0x1e /home/users/aag/code/gcc-arm-none-eabi-7-2018-q2-update/bin/../lib/gcc/arm-none-eabi/7.3.1/thumb/v6-m/crti.o
 .ARM.attributes
                0x000000000000001e       0x2c /home/users/aag/code/gcc-arm-none-eabi-7-2018-q2-update/bin/../lib/gcc/arm-none-eabi/7.3.1/thumb/v6-m/crtbegin.o
 .ARM.attributes
                0x000000000000004a       0x31 build/main.o
 .ARM.attributes
                0x000000000000007b       0x21 build/startup_stm32f103xb.o
 .ARM.attributes
                0x000000000000009c       0x2c /home/users/aag/code/gcc-arm-none-eabi-7-2018-q2-update/bin/../lib/gcc/arm-none-eabi/7.3.1/../../../../arm-none-eabi/lib/thumb/v6-m/libc_nano.a(lib_a-init.o)
 .ARM.attributes
                0x00000000000000c8       0x1e /home/users/aag/code/gcc-arm-none-eabi-7-2018-q2-update/bin/../lib/gcc/arm-none-eabi/7.3.1/thumb/v6-m/crtn.o
OUTPUT(build/main.elf elf32-littlearm)

.debug_info     0x0000000000000000     0x7219
 .debug_info    0x0000000000000000     0x71f7 build/main.o
 .debug_info    0x00000000000071f7       0x22 build/startup_stm32f103xb.o

.debug_abbrev   0x0000000000000000      0x96e
 .debug_abbrev  0x0000000000000000      0x95c build/main.o
 .debug_abbrev  0x000000000000095c       0x12 build/startup_stm32f103xb.o

.debug_loc      0x0000000000000000      0x8c1
 .debug_loc     0x0000000000000000      0x8c1 build/main.o

.debug_aranges  0x0000000000000000      0x238
 .debug_aranges
                0x0000000000000000      0x210 build/main.o
 .debug_aranges
                0x0000000000000210       0x28 build/startup_stm32f103xb.o

.debug_ranges   0x0000000000000000      0x570
 .debug_ranges  0x0000000000000000      0x550 build/main.o
 .debug_ranges  0x0000000000000550       0x20 build/startup_stm32f103xb.o

.debug_line     0x0000000000000000      0xbc0
 .debug_line    0x0000000000000000      0xb3b build/main.o
 .debug_line    0x0000000000000b3b       0x85 build/startup_stm32f103xb.o

.debug_str      0x0000000000000000     0x4bde
 .debug_str     0x0000000000000000     0x4ba6 build/main.o
                                       0x4efb (size before relaxing)
 .debug_str     0x0000000000004ba6       0x38 build/startup_stm32f103xb.o
                                         0x6e (size before relaxing)

.comment        0x0000000000000000       0x7f
 .comment       0x0000000000000000       0x7f build/main.o
                                         0x80 (size before relaxing)

.debug_frame    0x0000000000000000      0x504
 .debug_frame   0x0000000000000000      0x4d8 build/main.o
 .debug_frame   0x00000000000004d8       0x2c /home/users/aag/code/gcc-arm-none-eabi-7-2018-q2-update/bin/../lib/gcc/arm-none-eabi/7.3.1/../../../../arm-none-eabi/lib/thumb/v6-m/libc_nano.a(lib_a-init.o)

Cross Reference Table

Symbol                                            File
ADC1_2_IRQHandler                                 build/main.o
BusFault_Handler                                  build/startup_stm32f103xb.o
CAN1_RX1_IRQHandler                               build/main.o
CAN1_SCE_IRQHandler                               build/main.o
DMA1_Channel1_IRQHandler                          build/main.o
DMA1_Channel2_IRQHandler                          build/main.o
DMA1_Channel3_IRQHandler                          build/main.o
DMA1_Channel4_IRQHandler                          build/main.o
DMA1_Channel5_IRQHandler                          build/main.o
DMA1_Channel6_IRQHandler                          build/main.o
DMA1_Channel7_IRQHandler                          build/main.o
DebugMon_Handler                                  build/startup_stm32f103xb.o
Default_Handler                                   build/startup_stm32f103xb.o
EXTI0_IRQHandler                                  build/main.o
EXTI15_10_IRQHandler                              build/main.o
EXTI1_IRQHandler                                  build/main.o
EXTI2_IRQHandler                                  build/main.o
EXTI3_IRQHandler                                  build/main.o
EXTI4_IRQHandler                                  build/main.o
EXTI9_5_IRQHandler                                build/main.o
FLASH_IRQHandler                                  build/main.o
HardFault_Handler                                 build/startup_stm32f103xb.o
I2C1_ER_IRQHandler                                build/main.o
I2C1_EV_IRQHandler                                build/main.o
I2C2_ER_IRQHandler                                build/main.o
I2C2_EV_IRQHandler                                build/main.o
Interrupt::interrupt()                            build/main.o
MemManage_Handler                                 build/startup_stm32f103xb.o
NMI_Handler                                       build/startup_stm32f103xb.o
PVD_IRQHandler                                    build/main.o
PendSV_Handler                                    build/startup_stm32f103xb.o
RCC_IRQHandler                                    build/main.o
RTC_Alarm_IRQHandler                              build/main.o
RTC_IRQHandler                                    build/main.o
Reset_Handler                                     build/startup_stm32f103xb.o
SPI1_IRQHandler                                   build/main.o
SPI2_IRQHandler                                   build/main.o
SVC_Handler                                       build/startup_stm32f103xb.o
SysTick_Handler                                   build/main.o
TAMPER_IRQHandler                                 build/main.o
TIM1_BRK_IRQHandler                               build/main.o
TIM1_CC_IRQHandler                                build/main.o
TIM1_TRG_COM_IRQHandler                           build/main.o
TIM1_UP_IRQHandler                                build/main.o
TIM2_IRQHandler                                   build/main.o
TIM3_IRQHandler                                   build/main.o
TIM4_IRQHandler                                   build/main.o
TickSubscriber::subscribe()                       build/main.o
TickSubscriber::unsubscribe()                     build/main.o
Timer::done()                                     build/main.o
Timer::event()                                    build/main.o
Timer::isCount()                                  build/main.o
Timer::isGreater(unsigned long)                   build/main.o
Timer::notify()                                   build/main.o
Timer::pause()                                    build/main.o
Timer::start()                                    build/main.o
Timer::start(unsigned long)                       build/main.o
Timer::stop()                                     build/main.o
Timer::timeLeft()                                 build/main.o
Timer::timePassed()                               build/main.o
USART1_IRQHandler                                 build/main.o
USART2_IRQHandler                                 build/main.o
USART3_IRQHandler                                 build/main.o
USBWakeUp_IRQHandler                              build/main.o
USB_HP_CAN1_TX_IRQHandler                         build/main.o
USB_LP_CAN1_RX0_IRQHandler                        build/main.o
UsageFault_Handler                                build/startup_stm32f103xb.o
WWDG_IRQHandler                                   build/main.o
__bss_end__                                       /home/users/aag/code/gcc-arm-none-eabi-7-2018-q2-update/bin/../lib/gcc/arm-none-eabi/7.3.1/../../../../arm-none-eabi/lib/thumb/v6-m/crt0.o
__bss_start__                                     /home/users/aag/code/gcc-arm-none-eabi-7-2018-q2-update/bin/../lib/gcc/arm-none-eabi/7.3.1/../../../../arm-none-eabi/lib/thumb/v6-m/crt0.o
__call_exitprocs                                  /home/users/aag/code/gcc-arm-none-eabi-7-2018-q2-update/bin/../lib/gcc/arm-none-eabi/7.3.1/../../../../arm-none-eabi/lib/thumb/v6-m/libc_nano.a(lib_a-exit.o)
__deregister_frame_info                           /home/users/aag/code/gcc-arm-none-eabi-7-2018-q2-update/bin/../lib/gcc/arm-none-eabi/7.3.1/thumb/v6-m/crtbegin.o
__dso_handle                                      /home/users/aag/code/gcc-arm-none-eabi-7-2018-q2-update/bin/../lib/gcc/arm-none-eabi/7.3.1/thumb/v6-m/crtbegin.o
__init_array_end                                  /home/users/aag/code/gcc-arm-none-eabi-7-2018-q2-update/bin/../lib/gcc/arm-none-eabi/7.3.1/../../../../arm-none-eabi/lib/thumb/v6-m/libc_nano.a(lib_a-init.o)
__init_array_start                                /home/users/aag/code/gcc-arm-none-eabi-7-2018-q2-update/bin/../lib/gcc/arm-none-eabi/7.3.1/../../../../arm-none-eabi/lib/thumb/v6-m/libc_nano.a(lib_a-init.o)
__libc_fini_array                                 /home/users/aag/code/gcc-arm-none-eabi-7-2018-q2-update/bin/../lib/gcc/arm-none-eabi/7.3.1/../../../../arm-none-eabi/lib/thumb/v6-m/crt0.o
__libc_init_array                                 /home/users/aag/code/gcc-arm-none-eabi-7-2018-q2-update/bin/../lib/gcc/arm-none-eabi/7.3.1/../../../../arm-none-eabi/lib/thumb/v6-m/libc_nano.a(lib_a-init.o)
                                                  build/startup_stm32f103xb.o
                                                  /home/users/aag/code/gcc-arm-none-eabi-7-2018-q2-update/bin/../lib/gcc/arm-none-eabi/7.3.1/../../../../arm-none-eabi/lib/thumb/v6-m/crt0.o
__preinit_array_end                               /home/users/aag/code/gcc-arm-none-eabi-7-2018-q2-update/bin/../lib/gcc/arm-none-eabi/7.3.1/../../../../arm-none-eabi/lib/thumb/v6-m/libc_nano.a(lib_a-init.o)
__preinit_array_start                             /home/users/aag/code/gcc-arm-none-eabi-7-2018-q2-update/bin/../lib/gcc/arm-none-eabi/7.3.1/../../../../arm-none-eabi/lib/thumb/v6-m/libc_nano.a(lib_a-init.o)
__register_frame_info                             /home/users/aag/code/gcc-arm-none-eabi-7-2018-q2-update/bin/../lib/gcc/arm-none-eabi/7.3.1/thumb/v6-m/crtbegin.o
__sf_fake_stderr                                  /home/users/aag/code/gcc-arm-none-eabi-7-2018-q2-update/bin/../lib/gcc/arm-none-eabi/7.3.1/../../../../arm-none-eabi/lib/thumb/v6-m/libc_nano.a(lib_a-impure.o)
__sf_fake_stdin                                   /home/users/aag/code/gcc-arm-none-eabi-7-2018-q2-update/bin/../lib/gcc/arm-none-eabi/7.3.1/../../../../arm-none-eabi/lib/thumb/v6-m/libc_nano.a(lib_a-impure.o)
__sf_fake_stdout                                  /home/users/aag/code/gcc-arm-none-eabi-7-2018-q2-update/bin/../lib/gcc/arm-none-eabi/7.3.1/../../../../arm-none-eabi/lib/thumb/v6-m/libc_nano.a(lib_a-impure.o)
__stack                                           /home/users/aag/code/gcc-arm-none-eabi-7-2018-q2-update/bin/../lib/gcc/arm-none-eabi/7.3.1/../../../../arm-none-eabi/lib/thumb/v6-m/crt0.o
_ebss                                             build/startup_stm32f103xb.o
_edata                                            build/startup_stm32f103xb.o
_estack                                           build/startup_stm32f103xb.o
_exit                                             /home/users/aag/code/gcc-arm-none-eabi-7-2018-q2-update/bin/../lib/gcc/arm-none-eabi/7.3.1/../../../../arm-none-eabi/lib/thumb/v6-m/libnosys.a(_exit.o)
                                                  /home/users/aag/code/gcc-arm-none-eabi-7-2018-q2-update/bin/../lib/gcc/arm-none-eabi/7.3.1/../../../../arm-none-eabi/lib/thumb/v6-m/libc_nano.a(lib_a-exit.o)
_fini                                             /home/users/aag/code/gcc-arm-none-eabi-7-2018-q2-update/bin/../lib/gcc/arm-none-eabi/7.3.1/thumb/v6-m/crti.o
_global_impure_ptr                                /home/users/aag/code/gcc-arm-none-eabi-7-2018-q2-update/bin/../lib/gcc/arm-none-eabi/7.3.1/../../../../arm-none-eabi/lib/thumb/v6-m/libc_nano.a(lib_a-impure.o)
                                                  /home/users/aag/code/gcc-arm-none-eabi-7-2018-q2-update/bin/../lib/gcc/arm-none-eabi/7.3.1/../../../../arm-none-eabi/lib/thumb/v6-m/libc_nano.a(lib_a-exit.o)
_impure_ptr                                       /home/users/aag/code/gcc-arm-none-eabi-7-2018-q2-update/bin/../lib/gcc/arm-none-eabi/7.3.1/../../../../arm-none-eabi/lib/thumb/v6-m/libc_nano.a(lib_a-impure.o)
_init                                             /home/users/aag/code/gcc-arm-none-eabi-7-2018-q2-update/bin/../lib/gcc/arm-none-eabi/7.3.1/thumb/v6-m/crti.o
                                                  /home/users/aag/code/gcc-arm-none-eabi-7-2018-q2-update/bin/../lib/gcc/arm-none-eabi/7.3.1/../../../../arm-none-eabi/lib/thumb/v6-m/libc_nano.a(lib_a-init.o)
_mainCRTStartup                                   /home/users/aag/code/gcc-arm-none-eabi-7-2018-q2-update/bin/../lib/gcc/arm-none-eabi/7.3.1/../../../../arm-none-eabi/lib/thumb/v6-m/crt0.o
_sbss                                             build/startup_stm32f103xb.o
_sdata                                            build/startup_stm32f103xb.o
_sidata                                           build/startup_stm32f103xb.o
_start                                            /home/users/aag/code/gcc-arm-none-eabi-7-2018-q2-update/bin/../lib/gcc/arm-none-eabi/7.3.1/../../../../arm-none-eabi/lib/thumb/v6-m/crt0.o
atexit                                            /home/users/aag/code/gcc-arm-none-eabi-7-2018-q2-update/bin/../lib/gcc/arm-none-eabi/7.3.1/../../../../arm-none-eabi/lib/thumb/v6-m/crt0.o
exit                                              /home/users/aag/code/gcc-arm-none-eabi-7-2018-q2-update/bin/../lib/gcc/arm-none-eabi/7.3.1/../../../../arm-none-eabi/lib/thumb/v6-m/libc_nano.a(lib_a-exit.o)
                                                  /home/users/aag/code/gcc-arm-none-eabi-7-2018-q2-update/bin/../lib/gcc/arm-none-eabi/7.3.1/../../../../arm-none-eabi/lib/thumb/v6-m/crt0.o
g_pfnVectors                                      build/startup_stm32f103xb.o
hardware_init_hook                                /home/users/aag/code/gcc-arm-none-eabi-7-2018-q2-update/bin/../lib/gcc/arm-none-eabi/7.3.1/../../../../arm-none-eabi/lib/thumb/v6-m/crt0.o
init_clock                                        build/main.o
interrupt_DMA_channel1                            build/main.o
interrupt_DMA_channel2                            build/main.o
interrupt_DMA_channel3                            build/main.o
interrupt_DMA_channel4                            build/main.o
interrupt_DMA_channel5                            build/main.o
interrupt_DMA_channel6                            build/main.o
interrupt_DMA_channel7                            build/main.o
interrupt_usart1                                  build/main.o
interrupt_usart2                                  build/main.o
interrupt_usart3                                  build/main.o
main                                              build/main.o
                                                  build/startup_stm32f103xb.o
                                                  /home/users/aag/code/gcc-arm-none-eabi-7-2018-q2-update/bin/../lib/gcc/arm-none-eabi/7.3.1/../../../../arm-none-eabi/lib/thumb/v6-m/crt0.o
mcu::DMA::clear_interrupt_flags(mcu::DMA_bits::Channel) build/main.o
mcu::DMA::is_transfer_complete_interrupt(mcu::DMA_bits::Channel) build/main.o
memset                                            /home/users/aag/code/gcc-arm-none-eabi-7-2018-q2-update/bin/../lib/gcc/arm-none-eabi/7.3.1/../../../../arm-none-eabi/lib/thumb/v6-m/libc_nano.a(lib_a-memset.o)
                                                  /home/users/aag/code/gcc-arm-none-eabi-7-2018-q2-update/bin/../lib/gcc/arm-none-eabi/7.3.1/../../../../arm-none-eabi/lib/thumb/v6-m/crt0.o
software_init_hook                                /home/users/aag/code/gcc-arm-none-eabi-7-2018-q2-update/bin/../lib/gcc/arm-none-eabi/7.3.1/../../../../arm-none-eabi/lib/thumb/v6-m/crt0.o
tickUpdater                                       build/main.o
vtable for Timer                                  build/main.o
