Archive member included to satisfy reference by file (symbol)

/home/slonegd/code/gcc-arm-none-eabi-7-2018-q2-update/bin/../lib/gcc/arm-none-eabi/7.3.1/../../../../arm-none-eabi/lib/thumb/v6-m/libstdc++_nano.a(guard.o)
                              build/main.o (__cxa_guard_acquire)
/home/slonegd/code/gcc-arm-none-eabi-7-2018-q2-update/bin/../lib/gcc/arm-none-eabi/7.3.1/../../../../arm-none-eabi/lib/thumb/v6-m/libc_nano.a(lib_a-exit.o)
                              /home/slonegd/code/gcc-arm-none-eabi-7-2018-q2-update/bin/../lib/gcc/arm-none-eabi/7.3.1/../../../../arm-none-eabi/lib/thumb/v6-m/crt0.o (exit)
/home/slonegd/code/gcc-arm-none-eabi-7-2018-q2-update/bin/../lib/gcc/arm-none-eabi/7.3.1/../../../../arm-none-eabi/lib/thumb/v6-m/libc_nano.a(lib_a-impure.o)
                              /home/slonegd/code/gcc-arm-none-eabi-7-2018-q2-update/bin/../lib/gcc/arm-none-eabi/7.3.1/../../../../arm-none-eabi/lib/thumb/v6-m/libc_nano.a(lib_a-exit.o) (_global_impure_ptr)
/home/slonegd/code/gcc-arm-none-eabi-7-2018-q2-update/bin/../lib/gcc/arm-none-eabi/7.3.1/../../../../arm-none-eabi/lib/thumb/v6-m/libc_nano.a(lib_a-init.o)
                              /home/slonegd/code/gcc-arm-none-eabi-7-2018-q2-update/bin/../lib/gcc/arm-none-eabi/7.3.1/../../../../arm-none-eabi/lib/thumb/v6-m/crt0.o (__libc_init_array)
/home/slonegd/code/gcc-arm-none-eabi-7-2018-q2-update/bin/../lib/gcc/arm-none-eabi/7.3.1/../../../../arm-none-eabi/lib/thumb/v6-m/libc_nano.a(lib_a-memmove.o)
                              build/main.o (memmove)
/home/slonegd/code/gcc-arm-none-eabi-7-2018-q2-update/bin/../lib/gcc/arm-none-eabi/7.3.1/../../../../arm-none-eabi/lib/thumb/v6-m/libc_nano.a(lib_a-memset.o)
                              /home/slonegd/code/gcc-arm-none-eabi-7-2018-q2-update/bin/../lib/gcc/arm-none-eabi/7.3.1/../../../../arm-none-eabi/lib/thumb/v6-m/crt0.o (memset)
/home/slonegd/code/gcc-arm-none-eabi-7-2018-q2-update/bin/../lib/gcc/arm-none-eabi/7.3.1/../../../../arm-none-eabi/lib/thumb/v6-m/libc_nano.a(lib_a-sprintf.o)
                              build/main.o (sprintf)
/home/slonegd/code/gcc-arm-none-eabi-7-2018-q2-update/bin/../lib/gcc/arm-none-eabi/7.3.1/../../../../arm-none-eabi/lib/thumb/v6-m/libc_nano.a(lib_a-strlen.o)
                              build/main.o (strlen)
/home/slonegd/code/gcc-arm-none-eabi-7-2018-q2-update/bin/../lib/gcc/arm-none-eabi/7.3.1/../../../../arm-none-eabi/lib/thumb/v6-m/libc_nano.a(lib_a-nano-svfprintf.o)
                              /home/slonegd/code/gcc-arm-none-eabi-7-2018-q2-update/bin/../lib/gcc/arm-none-eabi/7.3.1/../../../../arm-none-eabi/lib/thumb/v6-m/libc_nano.a(lib_a-sprintf.o) (_svfprintf_r)
/home/slonegd/code/gcc-arm-none-eabi-7-2018-q2-update/bin/../lib/gcc/arm-none-eabi/7.3.1/../../../../arm-none-eabi/lib/thumb/v6-m/libc_nano.a(lib_a-nano-vfprintf_i.o)
                              /home/slonegd/code/gcc-arm-none-eabi-7-2018-q2-update/bin/../lib/gcc/arm-none-eabi/7.3.1/../../../../arm-none-eabi/lib/thumb/v6-m/libc_nano.a(lib_a-nano-svfprintf.o) (_printf_i)
/home/slonegd/code/gcc-arm-none-eabi-7-2018-q2-update/bin/../lib/gcc/arm-none-eabi/7.3.1/../../../../arm-none-eabi/lib/thumb/v6-m/libc_nano.a(lib_a-memchr-stub.o)
                              /home/slonegd/code/gcc-arm-none-eabi-7-2018-q2-update/bin/../lib/gcc/arm-none-eabi/7.3.1/../../../../arm-none-eabi/lib/thumb/v6-m/libc_nano.a(lib_a-nano-svfprintf.o) (memchr)
/home/slonegd/code/gcc-arm-none-eabi-7-2018-q2-update/bin/../lib/gcc/arm-none-eabi/7.3.1/../../../../arm-none-eabi/lib/thumb/v6-m/libc_nano.a(lib_a-memcpy-stub.o)
                              /home/slonegd/code/gcc-arm-none-eabi-7-2018-q2-update/bin/../lib/gcc/arm-none-eabi/7.3.1/../../../../arm-none-eabi/lib/thumb/v6-m/libc_nano.a(lib_a-nano-svfprintf.o) (memcpy)
/home/slonegd/code/gcc-arm-none-eabi-7-2018-q2-update/bin/../lib/gcc/arm-none-eabi/7.3.1/../../../../arm-none-eabi/lib/thumb/v6-m/libc_nano.a(lib_a-nano-freer.o)
                              /home/slonegd/code/gcc-arm-none-eabi-7-2018-q2-update/bin/../lib/gcc/arm-none-eabi/7.3.1/../../../../arm-none-eabi/lib/thumb/v6-m/libc_nano.a(lib_a-nano-svfprintf.o) (_free_r)
/home/slonegd/code/gcc-arm-none-eabi-7-2018-q2-update/bin/../lib/gcc/arm-none-eabi/7.3.1/../../../../arm-none-eabi/lib/thumb/v6-m/libc_nano.a(lib_a-nano-mallocr.o)
                              /home/slonegd/code/gcc-arm-none-eabi-7-2018-q2-update/bin/../lib/gcc/arm-none-eabi/7.3.1/../../../../arm-none-eabi/lib/thumb/v6-m/libc_nano.a(lib_a-nano-svfprintf.o) (_malloc_r)
/home/slonegd/code/gcc-arm-none-eabi-7-2018-q2-update/bin/../lib/gcc/arm-none-eabi/7.3.1/../../../../arm-none-eabi/lib/thumb/v6-m/libc_nano.a(lib_a-nano-reallocr.o)
                              /home/slonegd/code/gcc-arm-none-eabi-7-2018-q2-update/bin/../lib/gcc/arm-none-eabi/7.3.1/../../../../arm-none-eabi/lib/thumb/v6-m/libc_nano.a(lib_a-nano-svfprintf.o) (_realloc_r)
[...]
Memory Configuration

Name             Origin             Length             Attributes
RAM              0x0000000020000000 0x0000000000005000 xrw
FLASH            0x0000000008000000 0x0000000000020000 xr
*default*        0x0000000000000000 0xffffffffffffffff

Linker script and memory map

LOAD /home/slonegd/code/gcc-arm-none-eabi-7-2018-q2-update/bin/../lib/gcc/arm-none-eabi/7.3.1/thumb/v6-m/crti.o
LOAD /home/slonegd/code/gcc-arm-none-eabi-7-2018-q2-update/bin/../lib/gcc/arm-none-eabi/7.3.1/thumb/v6-m/crtbegin.o
LOAD /home/slonegd/code/gcc-arm-none-eabi-7-2018-q2-update/bin/../lib/gcc/arm-none-eabi/7.3.1/../../../../arm-none-eabi/lib/thumb/v6-m/crt0.o
LOAD build/main.o
LOAD build/startup_stm32f103xb.o
LOAD /home/slonegd/code/gcc-arm-none-eabi-7-2018-q2-update/bin/../lib/gcc/arm-none-eabi/7.3.1/../../../../arm-none-eabi/lib/thumb/v6-m/libnosys.a
LOAD /home/slonegd/code/gcc-arm-none-eabi-7-2018-q2-update/bin/../lib/gcc/arm-none-eabi/7.3.1/../../../../arm-none-eabi/lib/thumb/v6-m/libstdc++_nano.a
LOAD /home/slonegd/code/gcc-arm-none-eabi-7-2018-q2-update/bin/../lib/gcc/arm-none-eabi/7.3.1/../../../../arm-none-eabi/lib/thumb/v6-m/libm.a
LOAD /home/slonegd/code/gcc-arm-none-eabi-7-2018-q2-update/bin/../lib/gcc/arm-none-eabi/7.3.1/../../../../arm-none-eabi/lib/thumb/v6-m/libc_nano.a
START GROUP
LOAD /home/slonegd/code/gcc-arm-none-eabi-7-2018-q2-update/bin/../lib/gcc/arm-none-eabi/7.3.1/thumb/v6-m/libgcc.a
LOAD /home/slonegd/code/gcc-arm-none-eabi-7-2018-q2-update/bin/../lib/gcc/arm-none-eabi/7.3.1/../../../../arm-none-eabi/lib/thumb/v6-m/libc_nano.a
END GROUP
START GROUP
LOAD /home/slonegd/code/gcc-arm-none-eabi-7-2018-q2-update/bin/../lib/gcc/arm-none-eabi/7.3.1/thumb/v6-m/libgcc.a
LOAD /home/slonegd/code/gcc-arm-none-eabi-7-2018-q2-update/bin/../lib/gcc/arm-none-eabi/7.3.1/../../../../arm-none-eabi/lib/thumb/v6-m/libc_nano.a
LOAD /home/slonegd/code/gcc-arm-none-eabi-7-2018-q2-update/bin/../lib/gcc/arm-none-eabi/7.3.1/../../../../arm-none-eabi/lib/thumb/v6-m/libnosys.a
END GROUP
START GROUP
LOAD /home/slonegd/code/gcc-arm-none-eabi-7-2018-q2-update/bin/../lib/gcc/arm-none-eabi/7.3.1/thumb/v6-m/libgcc.a
LOAD /home/slonegd/code/gcc-arm-none-eabi-7-2018-q2-update/bin/../lib/gcc/arm-none-eabi/7.3.1/../../../../arm-none-eabi/lib/thumb/v6-m/libc_nano.a
LOAD /home/slonegd/code/gcc-arm-none-eabi-7-2018-q2-update/bin/../lib/gcc/arm-none-eabi/7.3.1/../../../../arm-none-eabi/lib/thumb/v6-m/libnosys.a
END GROUP
LOAD /home/slonegd/code/gcc-arm-none-eabi-7-2018-q2-update/bin/../lib/gcc/arm-none-eabi/7.3.1/thumb/v6-m/crtend.o
LOAD /home/slonegd/code/gcc-arm-none-eabi-7-2018-q2-update/bin/../lib/gcc/arm-none-eabi/7.3.1/thumb/v6-m/crtn.o
                0x0000000020005000                _estack = 0x20005000
                0x0000000000000200                _Min_Heap_Size = 0x200
                0x0000000000000400                _Min_Stack_Size = 0x400

.isr_vector     0x0000000008000000      0x10c
                0x0000000008000000                . = ALIGN (0x4)
 *(.isr_vector)
 .isr_vector    0x0000000008000000      0x10c build/startup_stm32f103xb.o
                0x0000000008000000                g_pfnVectors
                0x000000000800010c                . = ALIGN (0x4)

.text           0x000000000800010c     0x1164
                0x000000000800010c                . = ALIGN (0x4)
 *(.text)
 .text          0x000000000800010c       0x48 /home/slonegd/code/gcc-arm-none-eabi-7-2018-q2-update/bin/../lib/gcc/arm-none-eabi/7.3.1/thumb/v6-m/crtbegin.o
 .text          0x0000000008000154        0xe /home/slonegd/code/gcc-arm-none-eabi-7-2018-q2-update/bin/../lib/gcc/arm-none-eabi/7.3.1/../../../../arm-none-eabi/lib/thumb/v6-m/libc_nano.a(lib_a-strlen.o)
                0x0000000008000154                strlen
 *fill*         0x0000000008000162        0x2 
 .text          0x0000000008000164      0x114 /home/slonegd/code/gcc-arm-none-eabi-7-2018-q2-update/bin/../lib/gcc/arm-none-eabi/7.3.1/thumb/v6-m/libgcc.a(_udivsi3.o)
                0x0000000008000164                __udivsi3
                0x0000000008000164                __aeabi_uidiv
                0x0000000008000270                __aeabi_uidivmod
 .text          0x0000000008000278        0x4 /home/slonegd/code/gcc-arm-none-eabi-7-2018-q2-update/bin/../lib/gcc/arm-none-eabi/7.3.1/thumb/v6-m/libgcc.a(_dvmd_tls.o)
                0x0000000008000278                __aeabi_ldiv0
                0x0000000008000278                __aeabi_idiv0
 *(.text*)
 .text._ZN5Timer6notifyEv
                0x000000000800027c        0x8 build/main.o
                0x000000000800027c                Timer::notify()
 .text._ZN13Select_screenILi6EE4initEv
                0x0000000008000284        0x2 build/main.o
                0x0000000008000284                Select_screen<6>::init()
 .text._ZN8FunctionIFvvEE15Function_holderIZN3mcu7example13select_screenINS3_4Pin_ILNS3_6PeriphE3ELi12EEENS6_ILS7_4ELi2EEENS6_ILS7_2ELi3EEENS6_ILS7_2ELi4EEENS6_ILS7_2ELi5EEENS6_ILS7_2ELi6EEENS6_ILS7_2ELi7EEENS6_ILS7_2ELi8EEENS6_ILS7_2ELi9EEEEC4EvEUlvE_E4callEv
                0x0000000008000286        0x2 build/main.o
                0x0000000008000286                Function<void ()>::Function_holder<mcu::example::select_screen<mcu::Pin_<(mcu::Periph)3, 12>, mcu::Pin_<(mcu::Periph)4, 2>, mcu::Pin_<(mcu::Periph)2, 3>, mcu::Pin_<(mcu::Periph)2, 4>, mcu::Pin_<(mcu::Periph)2, 5>, mcu::Pin_<(mcu::Periph)2, 6>, mcu::Pin_<(mcu::Periph)2, 7>, mcu::Pin_<(mcu::Periph)2, 8>, mcu::Pin_<(mcu::Periph)2, 9> >::select_screen()::{lambda()#1}>::call()
 .text._ZN8FunctionIFvvEE15Function_holderIZN3mcu7example13select_screenINS3_4Pin_ILNS3_6PeriphE3ELi12EEENS6_ILS7_4ELi2EEENS6_ILS7_2ELi3EEENS6_ILS7_2ELi4EEENS6_ILS7_2ELi5EEENS6_ILS7_2ELi6EEENS6_ILS7_2ELi7EEENS6_ILS7_2ELi8EEENS6_ILS7_2ELi9EEEEC4EvEUlvE5_E4callEv
                0x0000000008000288        0x2 build/main.o
                0x0000000008000288                Function<void ()>::Function_holder<mcu::example::select_screen<mcu::Pin_<(mcu::Periph)3, 12>, mcu::Pin_<(mcu::Periph)4, 2>, mcu::Pin_<(mcu::Periph)2, 3>, mcu::Pin_<(mcu::Periph)2, 4>, mcu::Pin_<(mcu::Periph)2, 5>, mcu::Pin_<(mcu::Periph)2, 6>, mcu::Pin_<(mcu::Periph)2, 7>, mcu::Pin_<(mcu::Periph)2, 8>, mcu::Pin_<(mcu::Periph)2, 9> >::select_screen()::{lambda()#7}>::call()
 .text._ZN8FunctionIFvvEE15Function_holderIZN3mcu7example13select_screenINS3_4Pin_ILNS3_6PeriphE3ELi12EEENS6_ILS7_4ELi2EEENS6_ILS7_2ELi3EEENS6_ILS7_2ELi4EEENS6_ILS7_2ELi5EEENS6_ILS7_2ELi6EEENS6_ILS7_2ELi7EEENS6_ILS7_2ELi8EEENS6_ILS7_2ELi9EEEEC4EvEUlvE4_E4callEv
                0x000000000800028a        0x2 build/main.o
                0x000000000800028a                Function<void ()>::Function_holder<mcu::example::select_screen<mcu::Pin_<(mcu::Periph)3, 12>, mcu::Pin_<(mcu::Periph)4, 2>, mcu::Pin_<(mcu::Periph)2, 3>, mcu::Pin_<(mcu::Periph)2, 4>, mcu::Pin_<(mcu::Periph)2, 5>, mcu::Pin_<(mcu::Periph)2, 6>, mcu::Pin_<(mcu::Periph)2, 7>, mcu::Pin_<(mcu::Periph)2, 8>, mcu::Pin_<(mcu::Periph)2, 9> >::select_screen()::{lambda()#6}>::call()
 .text._ZN8FunctionIFvvEE15Function_holderIZN3mcu7example13select_screenINS3_4Pin_ILNS3_6PeriphE3ELi12EEENS6_ILS7_4ELi2EEENS6_ILS7_2ELi3EEENS6_ILS7_2ELi4EEENS6_ILS7_2ELi5EEENS6_ILS7_2ELi6EEENS6_ILS7_2ELi7EEENS6_ILS7_2ELi8EEENS6_ILS7_2ELi9EEEEC4EvEUlvE3_E4callEv
                0x000000000800028c        0x2 build/main.o
                0x000000000800028c                Function<void ()>::Function_holder<mcu::example::select_screen<mcu::Pin_<(mcu::Periph)3, 12>, mcu::Pin_<(mcu::Periph)4, 2>, mcu::Pin_<(mcu::Periph)2, 3>, mcu::Pin_<(mcu::Periph)2, 4>, mcu::Pin_<(mcu::Periph)2, 5>, mcu::Pin_<(mcu::Periph)2, 6>, mcu::Pin_<(mcu::Periph)2, 7>, mcu::Pin_<(mcu::Periph)2, 8>, mcu::Pin_<(mcu::Periph)2, 9> >::select_screen()::{lambda()#5}>::call()
 .text._ZN8FunctionIFvvEE15Function_holderIZN3mcu7example13select_screenINS3_4Pin_ILNS3_6PeriphE3ELi12EEENS6_ILS7_4ELi2EEENS6_ILS7_2ELi3EEENS6_ILS7_2ELi4EEENS6_ILS7_2ELi5EEENS6_ILS7_2ELi6EEENS6_ILS7_2ELi7EEENS6_ILS7_2ELi8EEENS6_ILS7_2ELi9EEEEC4EvEUlvE2_E4callEv
                0x000000000800028e        0x2 build/main.o
                0x000000000800028e                Function<void ()>::Function_holder<mcu::example::select_screen<mcu::Pin_<(mcu::Periph)3, 12>, mcu::Pin_<(mcu::Periph)4, 2>, mcu::Pin_<(mcu::Periph)2, 3>, mcu::Pin_<(mcu::Periph)2, 4>, mcu::Pin_<(mcu::Periph)2, 5>, mcu::Pin_<(mcu::Periph)2, 6>, mcu::Pin_<(mcu::Periph)2, 7>, mcu::Pin_<(mcu::Periph)2, 8>, mcu::Pin_<(mcu::Periph)2, 9> >::select_screen()::{lambda()#4}>::call()
 .text._ZN8FunctionIFvvEE15Function_holderIZN3mcu7example13select_screenINS3_4Pin_ILNS3_6PeriphE3ELi12EEENS6_ILS7_4ELi2EEENS6_ILS7_2ELi3EEENS6_ILS7_2ELi4EEENS6_ILS7_2ELi5EEENS6_ILS7_2ELi6EEENS6_ILS7_2ELi7EEENS6_ILS7_2ELi8EEENS6_ILS7_2ELi9EEEEC4EvEUlvE1_E4callEv
                0x0000000008000290        0x2 build/main.o
                0x0000000008000290                Function<void ()>::Function_holder<mcu::example::select_screen<mcu::Pin_<(mcu::Periph)3, 12>, mcu::Pin_<(mcu::Periph)4, 2>, mcu::Pin_<(mcu::Periph)2, 3>, mcu::Pin_<(mcu::Periph)2, 4>, mcu::Pin_<(mcu::Periph)2, 5>, mcu::Pin_<(mcu::Periph)2, 6>, mcu::Pin_<(mcu::Periph)2, 7>, mcu::Pin_<(mcu::Periph)2, 8>, mcu::Pin_<(mcu::Periph)2, 9> >::select_screen()::{lambda()#3}>::call()
 .text._ZN8FunctionIFvvEE15Function_holderIZN3mcu7example13select_screenINS3_4Pin_ILNS3_6PeriphE3ELi12EEENS6_ILS7_4ELi2EEENS6_ILS7_2ELi3EEENS6_ILS7_2ELi4EEENS6_ILS7_2ELi5EEENS6_ILS7_2ELi6EEENS6_ILS7_2ELi7EEENS6_ILS7_2ELi8EEENS6_ILS7_2ELi9EEEEC4EvEUlvE0_E4callEv
                0x0000000008000292        0x2 build/main.o
                0x0000000008000292                Function<void ()>::Function_holder<mcu::example::select_screen<mcu::Pin_<(mcu::Periph)3, 12>, mcu::Pin_<(mcu::Periph)4, 2>, mcu::Pin_<(mcu::Periph)2, 3>, mcu::Pin_<(mcu::Periph)2, 4>, mcu::Pin_<(mcu::Periph)2, 5>, mcu::Pin_<(mcu::Periph)2, 6>, mcu::Pin_<(mcu::Periph)2, 7>, mcu::Pin_<(mcu::Periph)2, 8>, mcu::Pin_<(mcu::Periph)2, 9> >::select_screen()::{lambda()#2}>::call()
 .text._ZN5Delay2usEm.part.9
                0x0000000008000294       0x54 build/main.o
 .text._ZSt8__fill_aIcEN9__gnu_cxx11__enable_ifIXsrSt9__is_byteIT_E7__valueEvE6__typeEPS3_S7_RKS3_.isra.14.constprop.23
                0x00000000080002e8        0xe build/main.o
 .text._ZNSt11char_traitsIcE6lengthEPKc
                0x00000000080002f6        0x8 build/main.o
                0x00000000080002f6                std::char_traits<char>::length(char const*)
 .text._ZN3Pin3setEv
                0x00000000080002fe       0x10 build/main.o
                0x00000000080002fe                Pin::set()
 .text._ZN3Pin5clearEv
                0x000000000800030e       0x14 build/main.o
                0x000000000800030e                Pin::clear()
 .text._ZZN7HD447804initEvENKUlvE_clEv
                0x0000000008000322       0x2e build/main.o
 .text._ZZN7HD447804initEvENKUlmE0_clEm
                0x0000000008000350       0x40 build/main.o
 .text._ZN7HD447806notifyEv
                0x0000000008000390       0x78 build/main.o
                0x0000000008000390                HD44780::notify()
 .text._ZN3Pin6is_setEv
                0x0000000008000408       0x14 build/main.o
                0x0000000008000408                Pin::is_set()
 .text._ZN9Publisher6notifyEv
                0x000000000800041c       0x16 build/main.o
                0x000000000800041c                Publisher::notify()
 .text._ZN11TickUpdater9interruptEv
                0x0000000008000432       0x22 build/main.o
                0x0000000008000432                TickUpdater::interrupt()
 .text.SysTick_Handler
                0x0000000008000454       0x10 build/main.o
                0x0000000008000454                SysTick_Handler
 .text._ZN5Timer5eventEv
                0x0000000008000464       0x12 build/main.o
                0x0000000008000464                Timer::event()
 *fill*         0x0000000008000476        0x2 
 .text._ZN14TickSubscriber16tick_unsubscribeEv
                0x0000000008000478       0x40 build/main.o
                0x0000000008000478                TickSubscriber::tick_unsubscribe()
 .text._ZN3mcu6Button6notifyEv
                0x00000000080004b8       0x4c build/main.o
                0x00000000080004b8                mcu::Button::notify()
 .text._ZN5Timer4stopEv
                0x0000000008000504        0xc build/main.o
                0x0000000008000504                Timer::stop()
 .text._ZN14TickSubscriber14tick_subscribeEv
                0x0000000008000510       0x28 build/main.o
                0x0000000008000510                TickSubscriber::tick_subscribe()
 .text._ZN5Delay2msEm
                0x0000000008000538       0x34 build/main.o
                0x0000000008000538                Delay::ms(unsigned long)
 .text._ZN7HD447804initEv
                0x000000000800056c       0xfc build/main.o
                0x000000000800056c                HD44780::init()
 .text._ZN3mcu6Button4pushEv
                0x0000000008000668       0x38 build/main.o
                0x0000000008000668                mcu::Button::push()
 .text._ZN3mcu6Button6is_setEv
                0x00000000080006a0       0x20 build/main.o
                0x00000000080006a0                mcu::Button::is_set()
 .text._ZN3mcu6Button4Some5clickEv
                0x00000000080006c0       0x7a build/main.o
                0x00000000080006c0                mcu::Button::Some::click()
 *fill*         0x000000000800073a        0x2 
 .text.init_clock
                0x000000000800073c       0x94 build/main.o
                0x000000000800073c                init_clock
 .text._ZSt4copyIPKcPcET0_T_S4_S3_
                0x00000000080007d0       0x16 build/main.o
                0x00000000080007d0                char* std::copy<char const*, char*>(char const*, char const*, char*)
 .text._ZN13String_bufferlsESt17basic_string_viewIcSt11char_traitsIcEE
                0x00000000080007e6       0xce build/main.o
                0x00000000080007e6                String_buffer::operator<<(std::basic_string_view<char, std::char_traits<char> >)
 .text._Z9make_pinsILN3mcu7PinModeE1EJNS0_4Pin_ILNS0_6PeriphE2ELi4EEENS2_ILS3_2ELi5EEENS2_ILS3_2ELi6EEENS2_ILS3_2ELi7EEEEEN4meta19tuple_generate_implIR3PinNSt22_Make_integer_sequenceIjXsZT0_ENSt18_Build_index_tupleIXsZT0_EE6__typeEE6__typeEE4typeEv
                0x00000000080008b4      0x168 build/main.o
                0x00000000080008b4                meta::tuple_generate_impl<Pin&, std::_Make_integer_sequence<unsigned int, 4, std::_Build_index_tuple<4>::__type>::__type>::type make_pins<(mcu::PinMode)1, mcu::Pin_<(mcu::Periph)2, 4>, mcu::Pin_<(mcu::Periph)2, 5>, mcu::Pin_<(mcu::Periph)2, 6>, mcu::Pin_<(mcu::Periph)2, 7> >()
                0x00000000080008b4                meta::tuple_generate_impl<Pin&, std::_Make_integer_sequence<unsigned int, sizeof (mcu::Pin_<(mcu::Periph)2, 4>, mcu::Pin_<(mcu::Periph)2, 5>, mcu::Pin_<(mcu::Periph)2, 6>, mcu::Pin_<(mcu::Periph)2, 7>), std::_Build_index_tuple<sizeof (mcu::Pin_<(mcu::Periph)2, 4>, mcu::Pin_<(mcu::Periph)2, 5>, mcu::Pin_<(mcu::Periph)2, 6>, mcu::Pin_<(mcu::Periph)2, 7>)>::__type>::__type>::type make_pins<(mcu::PinMode)1, mcu::Pin_<(mcu::Periph)2, 4>, mcu::Pin_<(mcu::Periph)2, 5>, mcu::Pin_<(mcu::Periph)2, 6>, mcu::Pin_<(mcu::Periph)2, 7> >()
 .text._ZN7HD447804makeIN3mcu4Pin_ILNS1_6PeriphE3ELi12EEENS2_ILS3_4ELi2EEENS2_ILS3_2ELi3EEENS2_ILS3_2ELi4EEENS2_ILS3_2ELi5EEENS2_ILS3_2ELi6EEENS2_ILS3_2ELi7EEEEERS_RKSt5arrayIcLj80EE
                0x0000000008000a1c      0x1e4 build/main.o
                0x0000000008000a1c                HD44780& HD44780::make<mcu::Pin_<(mcu::Periph)3, 12>, mcu::Pin_<(mcu::Periph)4, 2>, mcu::Pin_<(mcu::Periph)2, 3>, mcu::Pin_<(mcu::Periph)2, 4>, mcu::Pin_<(mcu::Periph)2, 5>, mcu::Pin_<(mcu::Periph)2, 6>, mcu::Pin_<(mcu::Periph)2, 7> >(std::array<char, 80u> const&)
 .text._ZN3mcu7example13select_screenINS_4Pin_ILNS_6PeriphE3ELi12EEENS2_ILS3_4ELi2EEENS2_ILS3_2ELi3EEENS2_ILS3_2ELi4EEENS2_ILS3_2ELi5EEENS2_ILS3_2ELi6EEENS2_ILS3_2ELi7EEENS2_ILS3_2ELi8EEENS2_ILS3_2ELi9EEEEC2Ev
                0x0000000008000c00      0x37c build/main.o
                0x0000000008000c00                mcu::example::select_screen<mcu::Pin_<(mcu::Periph)3, 12>, mcu::Pin_<(mcu::Periph)4, 2>, mcu::Pin_<(mcu::Periph)2, 3>, mcu::Pin_<(mcu::Periph)2, 4>, mcu::Pin_<(mcu::Periph)2, 5>, mcu::Pin_<(mcu::Periph)2, 6>, mcu::Pin_<(mcu::Periph)2, 7>, mcu::Pin_<(mcu::Periph)2, 8>, mcu::Pin_<(mcu::Periph)2, 9> >::select_screen()
                0x0000000008000c00                mcu::example::select_screen<mcu::Pin_<(mcu::Periph)3, 12>, mcu::Pin_<(mcu::Periph)4, 2>, mcu::Pin_<(mcu::Periph)2, 3>, mcu::Pin_<(mcu::Periph)2, 4>, mcu::Pin_<(mcu::Periph)2, 5>, mcu::Pin_<(mcu::Periph)2, 6>, mcu::Pin_<(mcu::Periph)2, 7>, mcu::Pin_<(mcu::Periph)2, 8>, mcu::Pin_<(mcu::Periph)2, 9> >::select_screen()
 .text.startup.main
                0x0000000008000f7c        0xe build/main.o
                0x0000000008000f7c                main
 .text._ZN8FunctionIFvvEEclEv
                0x0000000008000f8a        0xc build/main.o
                0x0000000008000f8a                Function<void ()>::operator()()
 *fill*         0x0000000008000f96        0x2 
 .text._ZN13Select_screenILi6EE4drawEv
                0x0000000008000f98      0x178 build/main.o
                0x0000000008000f98                Select_screen<6>::draw()
 .text._ZN3mcu7example13select_screenINS_4Pin_ILNS_6PeriphE3ELi12EEENS2_ILS3_4ELi2EEENS2_ILS3_2ELi3EEENS2_ILS3_2ELi4EEENS2_ILS3_2ELi5EEENS2_ILS3_2ELi6EEENS2_ILS3_2ELi7EEENS2_ILS3_2ELi8EEENS2_ILS3_2ELi9EEEE6notifyEv
                0x0000000008001110       0x18 build/main.o
                0x0000000008001110                mcu::example::select_screen<mcu::Pin_<(mcu::Periph)3, 12>, mcu::Pin_<(mcu::Periph)4, 2>, mcu::Pin_<(mcu::Periph)2, 3>, mcu::Pin_<(mcu::Periph)2, 4>, mcu::Pin_<(mcu::Periph)2, 5>, mcu::Pin_<(mcu::Periph)2, 6>, mcu::Pin_<(mcu::Periph)2, 7>, mcu::Pin_<(mcu::Periph)2, 8>, mcu::Pin_<(mcu::Periph)2, 9> >::notify()
 .text.startup._GLOBAL__sub_I__ZN3mcu5FLASH6unlockEv
                0x0000000008001128       0x44 build/main.o
 .text.Reset_Handler
                0x000000000800116c       0x48 build/startup_stm32f103xb.o
                0x000000000800116c                Reset_Handler
 .text.Default_Handler
                0x00000000080011b4        0x2 build/startup_stm32f103xb.o
                0x00000000080011b4                RTC_Alarm_IRQHandler
                0x00000000080011b4                EXTI2_IRQHandler
                0x00000000080011b4                DebugMon_Handler
                0x00000000080011b4                TIM1_CC_IRQHandler
                0x00000000080011b4                HardFault_Handler
                0x00000000080011b4                PVD_IRQHandler
                0x00000000080011b4                PendSV_Handler
                0x00000000080011b4                NMI_Handler
                0x00000000080011b4                EXTI3_IRQHandler
                0x00000000080011b4                EXTI0_IRQHandler
                0x00000000080011b4                I2C2_EV_IRQHandler
                0x00000000080011b4                UsageFault_Handler
                0x00000000080011b4                ADC1_2_IRQHandler
                0x00000000080011b4                SPI1_IRQHandler
                0x00000000080011b4                TAMPER_IRQHandler
                0x00000000080011b4                DMA1_Channel4_IRQHandler
                0x00000000080011b4                USART3_IRQHandler
                0x00000000080011b4                RTC_IRQHandler
                0x00000000080011b4                DMA1_Channel7_IRQHandler
                0x00000000080011b4                CAN1_RX1_IRQHandler
                0x00000000080011b4                TIM4_IRQHandler
                0x00000000080011b4                I2C1_EV_IRQHandler
                0x00000000080011b4                DMA1_Channel6_IRQHandler
                0x00000000080011b4                TIM3_IRQHandler
                0x00000000080011b4                RCC_IRQHandler
                0x00000000080011b4                TIM1_TRG_COM_IRQHandler
                0x00000000080011b4                DMA1_Channel1_IRQHandler
                0x00000000080011b4                Default_Handler
                0x00000000080011b4                EXTI15_10_IRQHandler
                0x00000000080011b4                EXTI9_5_IRQHandler
                0x00000000080011b4                SPI2_IRQHandler
                0x00000000080011b4                MemManage_Handler
                0x00000000080011b4                SVC_Handler
                0x00000000080011b4                DMA1_Channel5_IRQHandler
                0x00000000080011b4                EXTI4_IRQHandler
                0x00000000080011b4                USB_LP_CAN1_RX0_IRQHandler
                0x00000000080011b4                USB_HP_CAN1_TX_IRQHandler
                0x00000000080011b4                DMA1_Channel3_IRQHandler
                0x00000000080011b4                TIM1_UP_IRQHandler
                0x00000000080011b4                WWDG_IRQHandler
                0x00000000080011b4                TIM2_IRQHandler
                0x00000000080011b4                TIM1_BRK_IRQHandler
                0x00000000080011b4                EXTI1_IRQHandler
                0x00000000080011b4                USART2_IRQHandler
                0x00000000080011b4                I2C2_ER_IRQHandler
                0x00000000080011b4                DMA1_Channel2_IRQHandler
                0x00000000080011b4                CAN1_SCE_IRQHandler
                0x00000000080011b4                FLASH_IRQHandler
                0x00000000080011b4                BusFault_Handler
                0x00000000080011b4                USART1_IRQHandler
                0x00000000080011b4                I2C1_ER_IRQHandler
                0x00000000080011b4                USBWakeUp_IRQHandler
 .text.__cxa_guard_acquire
                0x00000000080011b6       0x1a /home/slonegd/code/gcc-arm-none-eabi-7-2018-q2-update/bin/../lib/gcc/arm-none-eabi/7.3.1/../../../../arm-none-eabi/lib/thumb/v6-m/libstdc++_nano.a(guard.o)
                0x00000000080011b6                __cxa_guard_acquire
 .text.__cxa_guard_release
                0x00000000080011d0        0x6 /home/slonegd/code/gcc-arm-none-eabi-7-2018-q2-update/bin/../lib/gcc/arm-none-eabi/7.3.1/../../../../arm-none-eabi/lib/thumb/v6-m/libstdc++_nano.a(guard.o)
                0x00000000080011d0                __cxa_guard_release
 *fill*         0x00000000080011d6        0x2 
 .text.__libc_init_array
                0x00000000080011d8       0x48 /home/slonegd/code/gcc-arm-none-eabi-7-2018-q2-update/bin/../lib/gcc/arm-none-eabi/7.3.1/../../../../arm-none-eabi/lib/thumb/v6-m/libc_nano.a(lib_a-init.o)
                0x00000000080011d8                __libc_init_array
 .text.memmove  0x0000000008001220       0x26 /home/slonegd/code/gcc-arm-none-eabi-7-2018-q2-update/bin/../lib/gcc/arm-none-eabi/7.3.1/../../../../arm-none-eabi/lib/thumb/v6-m/libc_nano.a(lib_a-memmove.o)
                0x0000000008001220                memmove
 .text.memset   0x0000000008001246       0x10 /home/slonegd/code/gcc-arm-none-eabi-7-2018-q2-update/bin/../lib/gcc/arm-none-eabi/7.3.1/../../../../arm-none-eabi/lib/thumb/v6-m/libc_nano.a(lib_a-memset.o)
                0x0000000008001246                memset
 *(.glue_7)
 .glue_7        0x0000000008001256        0x0 linker stubs
 *(.glue_7t)
 .glue_7t       0x0000000008001256        0x0 linker stubs
 *(.eh_frame)
 *fill*         0x0000000008001256        0x2 
 .eh_frame      0x0000000008001258        0x0 /home/slonegd/code/gcc-arm-none-eabi-7-2018-q2-update/bin/../lib/gcc/arm-none-eabi/7.3.1/thumb/v6-m/crtbegin.o
 *(.init)
 .init          0x0000000008001258        0x4 /home/slonegd/code/gcc-arm-none-eabi-7-2018-q2-update/bin/../lib/gcc/arm-none-eabi/7.3.1/thumb/v6-m/crti.o
                0x0000000008001258                _init
 .init          0x000000000800125c        0x8 /home/slonegd/code/gcc-arm-none-eabi-7-2018-q2-update/bin/../lib/gcc/arm-none-eabi/7.3.1/thumb/v6-m/crtn.o
 *(.fini)
 .fini          0x0000000008001264        0x4 /home/slonegd/code/gcc-arm-none-eabi-7-2018-q2-update/bin/../lib/gcc/arm-none-eabi/7.3.1/thumb/v6-m/crti.o
                0x0000000008001264                _fini
 .fini          0x0000000008001268        0x8 /home/slonegd/code/gcc-arm-none-eabi-7-2018-q2-update/bin/../lib/gcc/arm-none-eabi/7.3.1/thumb/v6-m/crtn.o
                0x0000000008001270                . = ALIGN (0x4)
                0x0000000008001270                _etext = .

.vfp11_veneer   0x0000000008001270        0x0
 .vfp11_veneer  0x0000000008001270        0x0 linker stubs

.v4_bx          0x0000000008001270        0x0
 .v4_bx         0x0000000008001270        0x0 linker stubs

.iplt           0x0000000008001270        0x0
 .iplt          0x0000000008001270        0x0 /home/slonegd/code/gcc-arm-none-eabi-7-2018-q2-update/bin/../lib/gcc/arm-none-eabi/7.3.1/thumb/v6-m/crtbegin.o

.rodata         0x0000000008001270     0x120c
                0x0000000008001270                . = ALIGN (0x4)
 *(.rodata)
 *(.rodata*)
 .rodata._ZTV5Timer
                0x0000000008001270        0xc build/main.o
                0x0000000008001270                vtable for Timer
 .rodata._ZTVN3mcu6ButtonE
                0x000000000800127c        0xc build/main.o
                0x000000000800127c                vtable for mcu::Button
 .rodata._ZTV13Select_screenILi6EE
                0x0000000008001288       0x10 build/main.o
                0x0000000008001288                vtable for Select_screen<6>
 .rodata._ZTVN3mcu7example13select_screenINS_4Pin_ILNS_6PeriphE3ELi12EEENS2_ILS3_4ELi2EEENS2_ILS3_2ELi3EEENS2_ILS3_2ELi4EEENS2_ILS3_2ELi5EEENS2_ILS3_2ELi6EEENS2_ILS3_2ELi7EEENS2_ILS3_2ELi8EEENS2_ILS3_2ELi9EEEEE
                0x0000000008001298        0xc build/main.o
                0x0000000008001298                vtable for mcu::example::select_screen<mcu::Pin_<(mcu::Periph)3, 12>, mcu::Pin_<(mcu::Periph)4, 2>, mcu::Pin_<(mcu::Periph)2, 3>, mcu::Pin_<(mcu::Periph)2, 4>, mcu::Pin_<(mcu::Periph)2, 5>, mcu::Pin_<(mcu::Periph)2, 6>, mcu::Pin_<(mcu::Periph)2, 7>, mcu::Pin_<(mcu::Periph)2, 8>, mcu::Pin_<(mcu::Periph)2, 9> >
 .rodata._ZTVN8FunctionIFvvEE15Function_holderIZN3mcu7example13select_screenINS3_4Pin_ILNS3_6PeriphE3ELi12EEENS6_ILS7_4ELi2EEENS6_ILS7_2ELi3EEENS6_ILS7_2ELi4EEENS6_ILS7_2ELi5EEENS6_ILS7_2ELi6EEENS6_ILS7_2ELi7EEENS6_ILS7_2ELi8EEENS6_ILS7_2ELi9EEEEC4EvEUlvE0_EE
                0x00000000080012a4        0xc build/main.o
                0x00000000080012a4                vtable for Function<void ()>::Function_holder<mcu::example::select_screen<mcu::Pin_<(mcu::Periph)3, 12>, mcu::Pin_<(mcu::Periph)4, 2>, mcu::Pin_<(mcu::Periph)2, 3>, mcu::Pin_<(mcu::Periph)2, 4>, mcu::Pin_<(mcu::Periph)2, 5>, mcu::Pin_<(mcu::Periph)2, 6>, mcu::Pin_<(mcu::Periph)2, 7>, mcu::Pin_<(mcu::Periph)2, 8>, mcu::Pin_<(mcu::Periph)2, 9> >::select_screen()::{lambda()#2}>
 .rodata._ZTVN8FunctionIFvvEE15Function_holderIZN3mcu7example13select_screenINS3_4Pin_ILNS3_6PeriphE3ELi12EEENS6_ILS7_4ELi2EEENS6_ILS7_2ELi3EEENS6_ILS7_2ELi4EEENS6_ILS7_2ELi5EEENS6_ILS7_2ELi6EEENS6_ILS7_2ELi7EEENS6_ILS7_2ELi8EEENS6_ILS7_2ELi9EEEEC4EvEUlvE1_EE
                0x00000000080012b0        0xc build/main.o
                0x00000000080012b0                vtable for Function<void ()>::Function_holder<mcu::example::select_screen<mcu::Pin_<(mcu::Periph)3, 12>, mcu::Pin_<(mcu::Periph)4, 2>, mcu::Pin_<(mcu::Periph)2, 3>, mcu::Pin_<(mcu::Periph)2, 4>, mcu::Pin_<(mcu::Periph)2, 5>, mcu::Pin_<(mcu::Periph)2, 6>, mcu::Pin_<(mcu::Periph)2, 7>, mcu::Pin_<(mcu::Periph)2, 8>, mcu::Pin_<(mcu::Periph)2, 9> >::select_screen()::{lambda()#3}>
 .rodata._ZTVN8FunctionIFvvEE15Function_holderIZN3mcu7example13select_screenINS3_4Pin_ILNS3_6PeriphE3ELi12EEENS6_ILS7_4ELi2EEENS6_ILS7_2ELi3EEENS6_ILS7_2ELi4EEENS6_ILS7_2ELi5EEENS6_ILS7_2ELi6EEENS6_ILS7_2ELi7EEENS6_ILS7_2ELi8EEENS6_ILS7_2ELi9EEEEC4EvEUlvE2_EE
                0x00000000080012bc        0xc build/main.o
                0x00000000080012bc                vtable for Function<void ()>::Function_holder<mcu::example::select_screen<mcu::Pin_<(mcu::Periph)3, 12>, mcu::Pin_<(mcu::Periph)4, 2>, mcu::Pin_<(mcu::Periph)2, 3>, mcu::Pin_<(mcu::Periph)2, 4>, mcu::Pin_<(mcu::Periph)2, 5>, mcu::Pin_<(mcu::Periph)2, 6>, mcu::Pin_<(mcu::Periph)2, 7>, mcu::Pin_<(mcu::Periph)2, 8>, mcu::Pin_<(mcu::Periph)2, 9> >::select_screen()::{lambda()#4}>
 .rodata._ZTVN8FunctionIFvvEE15Function_holderIZN3mcu7example13select_screenINS3_4Pin_ILNS3_6PeriphE3ELi12EEENS6_ILS7_4ELi2EEENS6_ILS7_2ELi3EEENS6_ILS7_2ELi4EEENS6_ILS7_2ELi5EEENS6_ILS7_2ELi6EEENS6_ILS7_2ELi7EEENS6_ILS7_2ELi8EEENS6_ILS7_2ELi9EEEEC4EvEUlvE3_EE
                0x00000000080012c8        0xc build/main.o
                0x00000000080012c8                vtable for Function<void ()>::Function_holder<mcu::example::select_screen<mcu::Pin_<(mcu::Periph)3, 12>, mcu::Pin_<(mcu::Periph)4, 2>, mcu::Pin_<(mcu::Periph)2, 3>, mcu::Pin_<(mcu::Periph)2, 4>, mcu::Pin_<(mcu::Periph)2, 5>, mcu::Pin_<(mcu::Periph)2, 6>, mcu::Pin_<(mcu::Periph)2, 7>, mcu::Pin_<(mcu::Periph)2, 8>, mcu::Pin_<(mcu::Periph)2, 9> >::select_screen()::{lambda()#5}>
 .rodata._ZTVN8FunctionIFvvEE15Function_holderIZN3mcu7example13select_screenINS3_4Pin_ILNS3_6PeriphE3ELi12EEENS6_ILS7_4ELi2EEENS6_ILS7_2ELi3EEENS6_ILS7_2ELi4EEENS6_ILS7_2ELi5EEENS6_ILS7_2ELi6EEENS6_ILS7_2ELi7EEENS6_ILS7_2ELi8EEENS6_ILS7_2ELi9EEEEC4EvEUlvE4_EE
                0x00000000080012d4        0xc build/main.o
                0x00000000080012d4                vtable for Function<void ()>::Function_holder<mcu::example::select_screen<mcu::Pin_<(mcu::Periph)3, 12>, mcu::Pin_<(mcu::Periph)4, 2>, mcu::Pin_<(mcu::Periph)2, 3>, mcu::Pin_<(mcu::Periph)2, 4>, mcu::Pin_<(mcu::Periph)2, 5>, mcu::Pin_<(mcu::Periph)2, 6>, mcu::Pin_<(mcu::Periph)2, 7>, mcu::Pin_<(mcu::Periph)2, 8>, mcu::Pin_<(mcu::Periph)2, 9> >::select_screen()::{lambda()#6}>
 .rodata._ZTVN8FunctionIFvvEE15Function_holderIZN3mcu7example13select_screenINS3_4Pin_ILNS3_6PeriphE3ELi12EEENS6_ILS7_4ELi2EEENS6_ILS7_2ELi3EEENS6_ILS7_2ELi4EEENS6_ILS7_2ELi5EEENS6_ILS7_2ELi6EEENS6_ILS7_2ELi7EEENS6_ILS7_2ELi8EEENS6_ILS7_2ELi9EEEEC4EvEUlvE5_EE
                0x00000000080012e0        0xc build/main.o
                0x00000000080012e0                vtable for Function<void ()>::Function_holder<mcu::example::select_screen<mcu::Pin_<(mcu::Periph)3, 12>, mcu::Pin_<(mcu::Periph)4, 2>, mcu::Pin_<(mcu::Periph)2, 3>, mcu::Pin_<(mcu::Periph)2, 4>, mcu::Pin_<(mcu::Periph)2, 5>, mcu::Pin_<(mcu::Periph)2, 6>, mcu::Pin_<(mcu::Periph)2, 7>, mcu::Pin_<(mcu::Periph)2, 8>, mcu::Pin_<(mcu::Periph)2, 9> >::select_screen()::{lambda()#7}>
 .rodata._ZTVN8FunctionIFvvEE15Function_holderIZN3mcu7example13select_screenINS3_4Pin_ILNS3_6PeriphE3ELi12EEENS6_ILS7_4ELi2EEENS6_ILS7_2ELi3EEENS6_ILS7_2ELi4EEENS6_ILS7_2ELi5EEENS6_ILS7_2ELi6EEENS6_ILS7_2ELi7EEENS6_ILS7_2ELi8EEENS6_ILS7_2ELi9EEEEC4EvEUlvE_EE
                0x00000000080012ec        0xc build/main.o
                0x00000000080012ec                vtable for Function<void ()>::Function_holder<mcu::example::select_screen<mcu::Pin_<(mcu::Periph)3, 12>, mcu::Pin_<(mcu::Periph)4, 2>, mcu::Pin_<(mcu::Periph)2, 3>, mcu::Pin_<(mcu::Periph)2, 4>, mcu::Pin_<(mcu::Periph)2, 5>, mcu::Pin_<(mcu::Periph)2, 6>, mcu::Pin_<(mcu::Periph)2, 7>, mcu::Pin_<(mcu::Periph)2, 8>, mcu::Pin_<(mcu::Periph)2, 9> >::select_screen()::{lambda()#1}>
 .rodata._ZN7HD447808Symbol_n5tableE
                0x00000000080012f8      0x140 build/main.o
                0x00000000080012f8                HD44780::Symbol_n::table
 .rodata._Z9next_lineR13String_buffer.str1.1
                0x0000000008001438        0x2 build/main.o
 .rodata._ZN13Select_screenILi6EE4drawEv.str1.1
                0x000000000800143a        0x2 build/main.o
 .rodata._ZN3mcu7example13select_screenINS_4Pin_ILNS_6PeriphE3ELi12EEENS2_ILS3_4ELi2EEENS2_ILS3_2ELi3EEENS2_ILS3_2ELi4EEENS2_ILS3_2ELi5EEENS2_ILS3_2ELi6EEENS2_ILS3_2ELi7EEENS2_ILS3_2ELi8EEENS2_ILS3_2ELi9EEEEC2Ev.str1.1
                0x000000000800143c       0x33 build/main.o
 *fill*         0x000000000800146f        0x1 
 .rodata._ZN4metaL8generateIL_Z10BSRR_valueIN3mcu4Pin_ILNS2_6PeriphE2ELi4EEENS3_ILS4_2ELi5EEENS3_ILS4_2ELi6EEENS3_ILS4_2ELi7EEEEDacELj256EEE
                0x0000000008001470      0x800 build/main.o
 .rodata._ZN4metaL8generateIL_Z12BSRR_commandIN3mcu4Pin_ILNS2_6PeriphE2ELi4EEENS3_ILS4_2ELi5EEENS3_ILS4_2ELi6EEENS3_ILS4_2ELi7EEEEDacELj256EEE
                0x0000000008001c70      0x800 build/main.o
 .rodata._ZTV7HD44780
                0x0000000008002470        0xc build/main.o
                0x0000000008002470                vtable for HD44780
                0x000000000800247c                . = ALIGN (0x4)

.rel.dyn        0x000000000800247c        0x0
 .rel.iplt      0x000000000800247c        0x0 /home/slonegd/code/gcc-arm-none-eabi-7-2018-q2-update/bin/../lib/gcc/arm-none-eabi/7.3.1/thumb/v6-m/crtbegin.o

.ARM.extab
 *(.ARM.extab* .gnu.linkonce.armextab.*)

.ARM            0x000000000800247c        0x0
                0x000000000800247c                __exidx_start = .
 *(.ARM.exidx*)
                0x000000000800247c                __exidx_end = .

.preinit_array  0x000000000800247c        0x0
                0x000000000800247c                PROVIDE (__preinit_array_start = .)
 *(.preinit_array*)
                0x000000000800247c                PROVIDE (__preinit_array_end = .)

.init_array     0x000000000800247c        0x8
                0x000000000800247c                PROVIDE (__init_array_start = .)
 *(SORT_BY_NAME(.init_array.*))
 *(.init_array*)
 .init_array    0x000000000800247c        0x4 /home/slonegd/code/gcc-arm-none-eabi-7-2018-q2-update/bin/../lib/gcc/arm-none-eabi/7.3.1/thumb/v6-m/crtbegin.o
 .init_array    0x0000000008002480        0x4 build/main.o
                0x0000000008002484                PROVIDE (__init_array_end = .)

.fini_array     0x0000000008002484        0x4
                [!provide]                        PROVIDE (__fini_array_start = .)
 *(SORT_BY_NAME(.fini_array.*))
 *(.fini_array*)
 .fini_array    0x0000000008002484        0x4 /home/slonegd/code/gcc-arm-none-eabi-7-2018-q2-update/bin/../lib/gcc/arm-none-eabi/7.3.1/thumb/v6-m/crtbegin.o
                [!provide]                        PROVIDE (__fini_array_end = .)
                0x0000000008002488                _sidata = LOADADDR (.data)

.data           0x0000000020000000        0x0 load address 0x0000000008002488
                0x0000000020000000                . = ALIGN (0x4)
                0x0000000020000000                _sdata = .
 *(.data)
 *(.data*)
                0x0000000020000000                . = ALIGN (0x4)
                0x0000000020000000                _edata = .

.igot.plt       0x0000000020000000        0x0 load address 0x0000000008002488
 .igot.plt      0x0000000020000000        0x0 /home/slonegd/code/gcc-arm-none-eabi-7-2018-q2-update/bin/../lib/gcc/arm-none-eabi/7.3.1/thumb/v6-m/crtbegin.o
                0x0000000020000000                . = ALIGN (0x4)

.bss            0x0000000020000000      0x18c load address 0x0000000008002488
                0x0000000020000000                _sbss = .
                0x0000000020000000                __bss_start__ = _sbss
 *(.bss)
 .bss           0x0000000020000000       0x1c /home/slonegd/code/gcc-arm-none-eabi-7-2018-q2-update/bin/../lib/gcc/arm-none-eabi/7.3.1/thumb/v6-m/crtbegin.o
 *(.bss*)
 .bss._ZGVZN3Pin4makeIN3mcu4Pin_ILNS1_6PeriphE2ELi7EEELNS1_7PinModeE1EEERDavE3pin
                0x000000002000001c        0x4 build/main.o
                0x000000002000001c                guard variable for Pin::make<mcu::Pin_<(mcu::Periph)2, 7>, (mcu::PinMode)1>()::pin
 .bss._ZZN3Pin4makeIN3mcu4Pin_ILNS1_6PeriphE2ELi7EEELNS1_7PinModeE1EEERDavE3pin
                0x0000000020000020        0x8 build/main.o
                0x0000000020000020                Pin::make<mcu::Pin_<(mcu::Periph)2, 7>, (mcu::PinMode)1>()::pin
 .bss._ZGVZN3Pin4makeIN3mcu4Pin_ILNS1_6PeriphE2ELi6EEELNS1_7PinModeE1EEERDavE3pin
                0x0000000020000028        0x4 build/main.o
                0x0000000020000028                guard variable for Pin::make<mcu::Pin_<(mcu::Periph)2, 6>, (mcu::PinMode)1>()::pin
 .bss._ZZN3Pin4makeIN3mcu4Pin_ILNS1_6PeriphE2ELi6EEELNS1_7PinModeE1EEERDavE3pin
                0x000000002000002c        0x8 build/main.o
                0x000000002000002c                Pin::make<mcu::Pin_<(mcu::Periph)2, 6>, (mcu::PinMode)1>()::pin
 .bss._ZGVZN3Pin4makeIN3mcu4Pin_ILNS1_6PeriphE2ELi5EEELNS1_7PinModeE1EEERDavE3pin
                0x0000000020000034        0x4 build/main.o
                0x0000000020000034                guard variable for Pin::make<mcu::Pin_<(mcu::Periph)2, 5>, (mcu::PinMode)1>()::pin
 .bss._ZZN3Pin4makeIN3mcu4Pin_ILNS1_6PeriphE2ELi5EEELNS1_7PinModeE1EEERDavE3pin
                0x0000000020000038        0x8 build/main.o
                0x0000000020000038                Pin::make<mcu::Pin_<(mcu::Periph)2, 5>, (mcu::PinMode)1>()::pin
 .bss._ZGVZN3Pin4makeIN3mcu4Pin_ILNS1_6PeriphE2ELi4EEELNS1_7PinModeE1EEERDavE3pin
                0x0000000020000040        0x4 build/main.o
                0x0000000020000040                guard variable for Pin::make<mcu::Pin_<(mcu::Periph)2, 4>, (mcu::PinMode)1>()::pin
 .bss._ZZN3Pin4makeIN3mcu4Pin_ILNS1_6PeriphE2ELi4EEELNS1_7PinModeE1EEERDavE3pin
                0x0000000020000044        0x8 build/main.o
                0x0000000020000044                Pin::make<mcu::Pin_<(mcu::Periph)2, 4>, (mcu::PinMode)1>()::pin
 .bss._ZGVZN8FunctionIFvvEEC4IZN3mcu7example13select_screenINS3_4Pin_ILNS3_6PeriphE3ELi12EEENS6_ILS7_4ELi2EEENS6_ILS7_2ELi3EEENS6_ILS7_2ELi4EEENS6_ILS7_2ELi5EEENS6_ILS7_2ELi6EEENS6_ILS7_2ELi7EEENS6_ILS7_2ELi8EEENS6_ILS7_2ELi9EEEEC4EvEUlvE_EET_E6holder
                0x000000002000004c        0x4 build/main.o
                0x000000002000004c                guard variable for Function<void ()>::Function<mcu::example::select_screen<mcu::Pin_<(mcu::Periph)3, 12>, mcu::Pin_<(mcu::Periph)4, 2>, mcu::Pin_<(mcu::Periph)2, 3>, mcu::Pin_<(mcu::Periph)2, 4>, mcu::Pin_<(mcu::Periph)2, 5>, mcu::Pin_<(mcu::Periph)2, 6>, mcu::Pin_<(mcu::Periph)2, 7>, mcu::Pin_<(mcu::Periph)2, 8>, mcu::Pin_<(mcu::Periph)2, 9> >::select_screen()::{lambda()#1}>(mcu::example::select_screen<mcu::Pin_<(mcu::Periph)3, 12>, mcu::Pin_<(mcu::Periph)4, 2>, mcu::Pin_<(mcu::Periph)2, 3>, mcu::Pin_<(mcu::Periph)2, 4>, mcu::Pin_<(mcu::Periph)2, 5>, mcu::Pin_<(mcu::Periph)2, 6>, mcu::Pin_<(mcu::Periph)2, 7>, mcu::Pin_<(mcu::Periph)2, 8>, mcu::Pin_<(mcu::Periph)2, 9> >::select_screen()::{lambda()#1})::holder
 .bss._ZZN8FunctionIFvvEEC4IZN3mcu7example13select_screenINS3_4Pin_ILNS3_6PeriphE3ELi12EEENS6_ILS7_4ELi2EEENS6_ILS7_2ELi3EEENS6_ILS7_2ELi4EEENS6_ILS7_2ELi5EEENS6_ILS7_2ELi6EEENS6_ILS7_2ELi7EEENS6_ILS7_2ELi8EEENS6_ILS7_2ELi9EEEEC4EvEUlvE_EET_E6holder
                0x0000000020000050        0x8 build/main.o
                0x0000000020000050                Function<void ()>::Function<mcu::example::select_screen<mcu::Pin_<(mcu::Periph)3, 12>, mcu::Pin_<(mcu::Periph)4, 2>, mcu::Pin_<(mcu::Periph)2, 3>, mcu::Pin_<(mcu::Periph)2, 4>, mcu::Pin_<(mcu::Periph)2, 5>, mcu::Pin_<(mcu::Periph)2, 6>, mcu::Pin_<(mcu::Periph)2, 7>, mcu::Pin_<(mcu::Periph)2, 8>, mcu::Pin_<(mcu::Periph)2, 9> >::select_screen()::{lambda()#1}>(mcu::example::select_screen<mcu::Pin_<(mcu::Periph)3, 12>, mcu::Pin_<(mcu::Periph)4, 2>, mcu::Pin_<(mcu::Periph)2, 3>, mcu::Pin_<(mcu::Periph)2, 4>, mcu::Pin_<(mcu::Periph)2, 5>, mcu::Pin_<(mcu::Periph)2, 6>, mcu::Pin_<(mcu::Periph)2, 7>, mcu::Pin_<(mcu::Periph)2, 8>, mcu::Pin_<(mcu::Periph)2, 9> >::select_screen()::{lambda()#1})::holder
 .bss._ZGVZN8FunctionIFvvEEC4IZN3mcu7example13select_screenINS3_4Pin_ILNS3_6PeriphE3ELi12EEENS6_ILS7_4ELi2EEENS6_ILS7_2ELi3EEENS6_ILS7_2ELi4EEENS6_ILS7_2ELi5EEENS6_ILS7_2ELi6EEENS6_ILS7_2ELi7EEENS6_ILS7_2ELi8EEENS6_ILS7_2ELi9EEEEC4EvEUlvE5_EET_E6holder
                0x0000000020000058        0x4 build/main.o
                0x0000000020000058                guard variable for Function<void ()>::Function<mcu::example::select_screen<mcu::Pin_<(mcu::Periph)3, 12>, mcu::Pin_<(mcu::Periph)4, 2>, mcu::Pin_<(mcu::Periph)2, 3>, mcu::Pin_<(mcu::Periph)2, 4>, mcu::Pin_<(mcu::Periph)2, 5>, mcu::Pin_<(mcu::Periph)2, 6>, mcu::Pin_<(mcu::Periph)2, 7>, mcu::Pin_<(mcu::Periph)2, 8>, mcu::Pin_<(mcu::Periph)2, 9> >::select_screen()::{lambda()#7}>(mcu::example::select_screen<mcu::Pin_<(mcu::Periph)3, 12>, mcu::Pin_<(mcu::Periph)4, 2>, mcu::Pin_<(mcu::Periph)2, 3>, mcu::Pin_<(mcu::Periph)2, 4>, mcu::Pin_<(mcu::Periph)2, 5>, mcu::Pin_<(mcu::Periph)2, 6>, mcu::Pin_<(mcu::Periph)2, 7>, mcu::Pin_<(mcu::Periph)2, 8>, mcu::Pin_<(mcu::Periph)2, 9> >::select_screen()::{lambda()#7})::holder
 .bss._ZZN8FunctionIFvvEEC4IZN3mcu7example13select_screenINS3_4Pin_ILNS3_6PeriphE3ELi12EEENS6_ILS7_4ELi2EEENS6_ILS7_2ELi3EEENS6_ILS7_2ELi4EEENS6_ILS7_2ELi5EEENS6_ILS7_2ELi6EEENS6_ILS7_2ELi7EEENS6_ILS7_2ELi8EEENS6_ILS7_2ELi9EEEEC4EvEUlvE5_EET_E6holder
                0x000000002000005c        0x8 build/main.o
                0x000000002000005c                Function<void ()>::Function<mcu::example::select_screen<mcu::Pin_<(mcu::Periph)3, 12>, mcu::Pin_<(mcu::Periph)4, 2>, mcu::Pin_<(mcu::Periph)2, 3>, mcu::Pin_<(mcu::Periph)2, 4>, mcu::Pin_<(mcu::Periph)2, 5>, mcu::Pin_<(mcu::Periph)2, 6>, mcu::Pin_<(mcu::Periph)2, 7>, mcu::Pin_<(mcu::Periph)2, 8>, mcu::Pin_<(mcu::Periph)2, 9> >::select_screen()::{lambda()#7}>(mcu::example::select_screen<mcu::Pin_<(mcu::Periph)3, 12>, mcu::Pin_<(mcu::Periph)4, 2>, mcu::Pin_<(mcu::Periph)2, 3>, mcu::Pin_<(mcu::Periph)2, 4>, mcu::Pin_<(mcu::Periph)2, 5>, mcu::Pin_<(mcu::Periph)2, 6>, mcu::Pin_<(mcu::Periph)2, 7>, mcu::Pin_<(mcu::Periph)2, 8>, mcu::Pin_<(mcu::Periph)2, 9> >::select_screen()::{lambda()#7})::holder
 .bss._ZGVZN8FunctionIFvvEEC4IZN3mcu7example13select_screenINS3_4Pin_ILNS3_6PeriphE3ELi12EEENS6_ILS7_4ELi2EEENS6_ILS7_2ELi3EEENS6_ILS7_2ELi4EEENS6_ILS7_2ELi5EEENS6_ILS7_2ELi6EEENS6_ILS7_2ELi7EEENS6_ILS7_2ELi8EEENS6_ILS7_2ELi9EEEEC4EvEUlvE4_EET_E6holder
                0x0000000020000064        0x4 build/main.o
                0x0000000020000064                guard variable for Function<void ()>::Function<mcu::example::select_screen<mcu::Pin_<(mcu::Periph)3, 12>, mcu::Pin_<(mcu::Periph)4, 2>, mcu::Pin_<(mcu::Periph)2, 3>, mcu::Pin_<(mcu::Periph)2, 4>, mcu::Pin_<(mcu::Periph)2, 5>, mcu::Pin_<(mcu::Periph)2, 6>, mcu::Pin_<(mcu::Periph)2, 7>, mcu::Pin_<(mcu::Periph)2, 8>, mcu::Pin_<(mcu::Periph)2, 9> >::select_screen()::{lambda()#6}>(mcu::example::select_screen<mcu::Pin_<(mcu::Periph)3, 12>, mcu::Pin_<(mcu::Periph)4, 2>, mcu::Pin_<(mcu::Periph)2, 3>, mcu::Pin_<(mcu::Periph)2, 4>, mcu::Pin_<(mcu::Periph)2, 5>, mcu::Pin_<(mcu::Periph)2, 6>, mcu::Pin_<(mcu::Periph)2, 7>, mcu::Pin_<(mcu::Periph)2, 8>, mcu::Pin_<(mcu::Periph)2, 9> >::select_screen()::{lambda()#6})::holder
 .bss._ZZN8FunctionIFvvEEC4IZN3mcu7example13select_screenINS3_4Pin_ILNS3_6PeriphE3ELi12EEENS6_ILS7_4ELi2EEENS6_ILS7_2ELi3EEENS6_ILS7_2ELi4EEENS6_ILS7_2ELi5EEENS6_ILS7_2ELi6EEENS6_ILS7_2ELi7EEENS6_ILS7_2ELi8EEENS6_ILS7_2ELi9EEEEC4EvEUlvE4_EET_E6holder
                0x0000000020000068        0x8 build/main.o
                0x0000000020000068                Function<void ()>::Function<mcu::example::select_screen<mcu::Pin_<(mcu::Periph)3, 12>, mcu::Pin_<(mcu::Periph)4, 2>, mcu::Pin_<(mcu::Periph)2, 3>, mcu::Pin_<(mcu::Periph)2, 4>, mcu::Pin_<(mcu::Periph)2, 5>, mcu::Pin_<(mcu::Periph)2, 6>, mcu::Pin_<(mcu::Periph)2, 7>, mcu::Pin_<(mcu::Periph)2, 8>, mcu::Pin_<(mcu::Periph)2, 9> >::select_screen()::{lambda()#6}>(mcu::example::select_screen<mcu::Pin_<(mcu::Periph)3, 12>, mcu::Pin_<(mcu::Periph)4, 2>, mcu::Pin_<(mcu::Periph)2, 3>, mcu::Pin_<(mcu::Periph)2, 4>, mcu::Pin_<(mcu::Periph)2, 5>, mcu::Pin_<(mcu::Periph)2, 6>, mcu::Pin_<(mcu::Periph)2, 7>, mcu::Pin_<(mcu::Periph)2, 8>, mcu::Pin_<(mcu::Periph)2, 9> >::select_screen()::{lambda()#6})::holder
 .bss._ZGVZN8FunctionIFvvEEC4IZN3mcu7example13select_screenINS3_4Pin_ILNS3_6PeriphE3ELi12EEENS6_ILS7_4ELi2EEENS6_ILS7_2ELi3EEENS6_ILS7_2ELi4EEENS6_ILS7_2ELi5EEENS6_ILS7_2ELi6EEENS6_ILS7_2ELi7EEENS6_ILS7_2ELi8EEENS6_ILS7_2ELi9EEEEC4EvEUlvE3_EET_E6holder
                0x0000000020000070        0x4 build/main.o
                0x0000000020000070                guard variable for Function<void ()>::Function<mcu::example::select_screen<mcu::Pin_<(mcu::Periph)3, 12>, mcu::Pin_<(mcu::Periph)4, 2>, mcu::Pin_<(mcu::Periph)2, 3>, mcu::Pin_<(mcu::Periph)2, 4>, mcu::Pin_<(mcu::Periph)2, 5>, mcu::Pin_<(mcu::Periph)2, 6>, mcu::Pin_<(mcu::Periph)2, 7>, mcu::Pin_<(mcu::Periph)2, 8>, mcu::Pin_<(mcu::Periph)2, 9> >::select_screen()::{lambda()#5}>(mcu::example::select_screen<mcu::Pin_<(mcu::Periph)3, 12>, mcu::Pin_<(mcu::Periph)4, 2>, mcu::Pin_<(mcu::Periph)2, 3>, mcu::Pin_<(mcu::Periph)2, 4>, mcu::Pin_<(mcu::Periph)2, 5>, mcu::Pin_<(mcu::Periph)2, 6>, mcu::Pin_<(mcu::Periph)2, 7>, mcu::Pin_<(mcu::Periph)2, 8>, mcu::Pin_<(mcu::Periph)2, 9> >::select_screen()::{lambda()#5})::holder
 .bss._ZZN8FunctionIFvvEEC4IZN3mcu7example13select_screenINS3_4Pin_ILNS3_6PeriphE3ELi12EEENS6_ILS7_4ELi2EEENS6_ILS7_2ELi3EEENS6_ILS7_2ELi4EEENS6_ILS7_2ELi5EEENS6_ILS7_2ELi6EEENS6_ILS7_2ELi7EEENS6_ILS7_2ELi8EEENS6_ILS7_2ELi9EEEEC4EvEUlvE3_EET_E6holder
                0x0000000020000074        0x8 build/main.o
                0x0000000020000074                Function<void ()>::Function<mcu::example::select_screen<mcu::Pin_<(mcu::Periph)3, 12>, mcu::Pin_<(mcu::Periph)4, 2>, mcu::Pin_<(mcu::Periph)2, 3>, mcu::Pin_<(mcu::Periph)2, 4>, mcu::Pin_<(mcu::Periph)2, 5>, mcu::Pin_<(mcu::Periph)2, 6>, mcu::Pin_<(mcu::Periph)2, 7>, mcu::Pin_<(mcu::Periph)2, 8>, mcu::Pin_<(mcu::Periph)2, 9> >::select_screen()::{lambda()#5}>(mcu::example::select_screen<mcu::Pin_<(mcu::Periph)3, 12>, mcu::Pin_<(mcu::Periph)4, 2>, mcu::Pin_<(mcu::Periph)2, 3>, mcu::Pin_<(mcu::Periph)2, 4>, mcu::Pin_<(mcu::Periph)2, 5>, mcu::Pin_<(mcu::Periph)2, 6>, mcu::Pin_<(mcu::Periph)2, 7>, mcu::Pin_<(mcu::Periph)2, 8>, mcu::Pin_<(mcu::Periph)2, 9> >::select_screen()::{lambda()#5})::holder
 .bss._ZGVZN8FunctionIFvvEEC4IZN3mcu7example13select_screenINS3_4Pin_ILNS3_6PeriphE3ELi12EEENS6_ILS7_4ELi2EEENS6_ILS7_2ELi3EEENS6_ILS7_2ELi4EEENS6_ILS7_2ELi5EEENS6_ILS7_2ELi6EEENS6_ILS7_2ELi7EEENS6_ILS7_2ELi8EEENS6_ILS7_2ELi9EEEEC4EvEUlvE2_EET_E6holder
                0x000000002000007c        0x4 build/main.o
                0x000000002000007c                guard variable for Function<void ()>::Function<mcu::example::select_screen<mcu::Pin_<(mcu::Periph)3, 12>, mcu::Pin_<(mcu::Periph)4, 2>, mcu::Pin_<(mcu::Periph)2, 3>, mcu::Pin_<(mcu::Periph)2, 4>, mcu::Pin_<(mcu::Periph)2, 5>, mcu::Pin_<(mcu::Periph)2, 6>, mcu::Pin_<(mcu::Periph)2, 7>, mcu::Pin_<(mcu::Periph)2, 8>, mcu::Pin_<(mcu::Periph)2, 9> >::select_screen()::{lambda()#4}>(mcu::example::select_screen<mcu::Pin_<(mcu::Periph)3, 12>, mcu::Pin_<(mcu::Periph)4, 2>, mcu::Pin_<(mcu::Periph)2, 3>, mcu::Pin_<(mcu::Periph)2, 4>, mcu::Pin_<(mcu::Periph)2, 5>, mcu::Pin_<(mcu::Periph)2, 6>, mcu::Pin_<(mcu::Periph)2, 7>, mcu::Pin_<(mcu::Periph)2, 8>, mcu::Pin_<(mcu::Periph)2, 9> >::select_screen()::{lambda()#4})::holder
 .bss._ZZN8FunctionIFvvEEC4IZN3mcu7example13select_screenINS3_4Pin_ILNS3_6PeriphE3ELi12EEENS6_ILS7_4ELi2EEENS6_ILS7_2ELi3EEENS6_ILS7_2ELi4EEENS6_ILS7_2ELi5EEENS6_ILS7_2ELi6EEENS6_ILS7_2ELi7EEENS6_ILS7_2ELi8EEENS6_ILS7_2ELi9EEEEC4EvEUlvE2_EET_E6holder
                0x0000000020000080        0x8 build/main.o
                0x0000000020000080                Function<void ()>::Function<mcu::example::select_screen<mcu::Pin_<(mcu::Periph)3, 12>, mcu::Pin_<(mcu::Periph)4, 2>, mcu::Pin_<(mcu::Periph)2, 3>, mcu::Pin_<(mcu::Periph)2, 4>, mcu::Pin_<(mcu::Periph)2, 5>, mcu::Pin_<(mcu::Periph)2, 6>, mcu::Pin_<(mcu::Periph)2, 7>, mcu::Pin_<(mcu::Periph)2, 8>, mcu::Pin_<(mcu::Periph)2, 9> >::select_screen()::{lambda()#4}>(mcu::example::select_screen<mcu::Pin_<(mcu::Periph)3, 12>, mcu::Pin_<(mcu::Periph)4, 2>, mcu::Pin_<(mcu::Periph)2, 3>, mcu::Pin_<(mcu::Periph)2, 4>, mcu::Pin_<(mcu::Periph)2, 5>, mcu::Pin_<(mcu::Periph)2, 6>, mcu::Pin_<(mcu::Periph)2, 7>, mcu::Pin_<(mcu::Periph)2, 8>, mcu::Pin_<(mcu::Periph)2, 9> >::select_screen()::{lambda()#4})::holder
 .bss._ZGVZN8FunctionIFvvEEC4IZN3mcu7example13select_screenINS3_4Pin_ILNS3_6PeriphE3ELi12EEENS6_ILS7_4ELi2EEENS6_ILS7_2ELi3EEENS6_ILS7_2ELi4EEENS6_ILS7_2ELi5EEENS6_ILS7_2ELi6EEENS6_ILS7_2ELi7EEENS6_ILS7_2ELi8EEENS6_ILS7_2ELi9EEEEC4EvEUlvE1_EET_E6holder
                0x0000000020000088        0x4 build/main.o
                0x0000000020000088                guard variable for Function<void ()>::Function<mcu::example::select_screen<mcu::Pin_<(mcu::Periph)3, 12>, mcu::Pin_<(mcu::Periph)4, 2>, mcu::Pin_<(mcu::Periph)2, 3>, mcu::Pin_<(mcu::Periph)2, 4>, mcu::Pin_<(mcu::Periph)2, 5>, mcu::Pin_<(mcu::Periph)2, 6>, mcu::Pin_<(mcu::Periph)2, 7>, mcu::Pin_<(mcu::Periph)2, 8>, mcu::Pin_<(mcu::Periph)2, 9> >::select_screen()::{lambda()#3}>(mcu::example::select_screen<mcu::Pin_<(mcu::Periph)3, 12>, mcu::Pin_<(mcu::Periph)4, 2>, mcu::Pin_<(mcu::Periph)2, 3>, mcu::Pin_<(mcu::Periph)2, 4>, mcu::Pin_<(mcu::Periph)2, 5>, mcu::Pin_<(mcu::Periph)2, 6>, mcu::Pin_<(mcu::Periph)2, 7>, mcu::Pin_<(mcu::Periph)2, 8>, mcu::Pin_<(mcu::Periph)2, 9> >::select_screen()::{lambda()#3})::holder
 .bss._ZZN8FunctionIFvvEEC4IZN3mcu7example13select_screenINS3_4Pin_ILNS3_6PeriphE3ELi12EEENS6_ILS7_4ELi2EEENS6_ILS7_2ELi3EEENS6_ILS7_2ELi4EEENS6_ILS7_2ELi5EEENS6_ILS7_2ELi6EEENS6_ILS7_2ELi7EEENS6_ILS7_2ELi8EEENS6_ILS7_2ELi9EEEEC4EvEUlvE1_EET_E6holder
                0x000000002000008c        0x8 build/main.o
                0x000000002000008c                Function<void ()>::Function<mcu::example::select_screen<mcu::Pin_<(mcu::Periph)3, 12>, mcu::Pin_<(mcu::Periph)4, 2>, mcu::Pin_<(mcu::Periph)2, 3>, mcu::Pin_<(mcu::Periph)2, 4>, mcu::Pin_<(mcu::Periph)2, 5>, mcu::Pin_<(mcu::Periph)2, 6>, mcu::Pin_<(mcu::Periph)2, 7>, mcu::Pin_<(mcu::Periph)2, 8>, mcu::Pin_<(mcu::Periph)2, 9> >::select_screen()::{lambda()#3}>(mcu::example::select_screen<mcu::Pin_<(mcu::Periph)3, 12>, mcu::Pin_<(mcu::Periph)4, 2>, mcu::Pin_<(mcu::Periph)2, 3>, mcu::Pin_<(mcu::Periph)2, 4>, mcu::Pin_<(mcu::Periph)2, 5>, mcu::Pin_<(mcu::Periph)2, 6>, mcu::Pin_<(mcu::Periph)2, 7>, mcu::Pin_<(mcu::Periph)2, 8>, mcu::Pin_<(mcu::Periph)2, 9> >::select_screen()::{lambda()#3})::holder
 .bss._ZGVZN8FunctionIFvvEEC4IZN3mcu7example13select_screenINS3_4Pin_ILNS3_6PeriphE3ELi12EEENS6_ILS7_4ELi2EEENS6_ILS7_2ELi3EEENS6_ILS7_2ELi4EEENS6_ILS7_2ELi5EEENS6_ILS7_2ELi6EEENS6_ILS7_2ELi7EEENS6_ILS7_2ELi8EEENS6_ILS7_2ELi9EEEEC4EvEUlvE0_EET_E6holder
                0x0000000020000094        0x4 build/main.o
                0x0000000020000094                guard variable for Function<void ()>::Function<mcu::example::select_screen<mcu::Pin_<(mcu::Periph)3, 12>, mcu::Pin_<(mcu::Periph)4, 2>, mcu::Pin_<(mcu::Periph)2, 3>, mcu::Pin_<(mcu::Periph)2, 4>, mcu::Pin_<(mcu::Periph)2, 5>, mcu::Pin_<(mcu::Periph)2, 6>, mcu::Pin_<(mcu::Periph)2, 7>, mcu::Pin_<(mcu::Periph)2, 8>, mcu::Pin_<(mcu::Periph)2, 9> >::select_screen()::{lambda()#2}>(mcu::example::select_screen<mcu::Pin_<(mcu::Periph)3, 12>, mcu::Pin_<(mcu::Periph)4, 2>, mcu::Pin_<(mcu::Periph)2, 3>, mcu::Pin_<(mcu::Periph)2, 4>, mcu::Pin_<(mcu::Periph)2, 5>, mcu::Pin_<(mcu::Periph)2, 6>, mcu::Pin_<(mcu::Periph)2, 7>, mcu::Pin_<(mcu::Periph)2, 8>, mcu::Pin_<(mcu::Periph)2, 9> >::select_screen()::{lambda()#2})::holder
 .bss._ZZN8FunctionIFvvEEC4IZN3mcu7example13select_screenINS3_4Pin_ILNS3_6PeriphE3ELi12EEENS6_ILS7_4ELi2EEENS6_ILS7_2ELi3EEENS6_ILS7_2ELi4EEENS6_ILS7_2ELi5EEENS6_ILS7_2ELi6EEENS6_ILS7_2ELi7EEENS6_ILS7_2ELi8EEENS6_ILS7_2ELi9EEEEC4EvEUlvE0_EET_E6holder
                0x0000000020000098        0x8 build/main.o
                0x0000000020000098                Function<void ()>::Function<mcu::example::select_screen<mcu::Pin_<(mcu::Periph)3, 12>, mcu::Pin_<(mcu::Periph)4, 2>, mcu::Pin_<(mcu::Periph)2, 3>, mcu::Pin_<(mcu::Periph)2, 4>, mcu::Pin_<(mcu::Periph)2, 5>, mcu::Pin_<(mcu::Periph)2, 6>, mcu::Pin_<(mcu::Periph)2, 7>, mcu::Pin_<(mcu::Periph)2, 8>, mcu::Pin_<(mcu::Periph)2, 9> >::select_screen()::{lambda()#2}>(mcu::example::select_screen<mcu::Pin_<(mcu::Periph)3, 12>, mcu::Pin_<(mcu::Periph)4, 2>, mcu::Pin_<(mcu::Periph)2, 3>, mcu::Pin_<(mcu::Periph)2, 4>, mcu::Pin_<(mcu::Periph)2, 5>, mcu::Pin_<(mcu::Periph)2, 6>, mcu::Pin_<(mcu::Periph)2, 7>, mcu::Pin_<(mcu::Periph)2, 8>, mcu::Pin_<(mcu::Periph)2, 9> >::select_screen()::{lambda()#2})::holder
 .bss._ZGVZN7HD447804makeIN3mcu4Pin_ILNS1_6PeriphE3ELi12EEENS2_ILS3_4ELi2EEENS2_ILS3_2ELi3EEENS2_ILS3_2ELi4EEENS2_ILS3_2ELi5EEENS2_ILS3_2ELi6EEENS2_ILS3_2ELi7EEEEERS_RKSt5arrayIcLj80EEE6screen
                0x00000000200000a0        0x4 build/main.o
                0x00000000200000a0                guard variable for HD44780::make<mcu::Pin_<(mcu::Periph)3, 12>, mcu::Pin_<(mcu::Periph)4, 2>, mcu::Pin_<(mcu::Periph)2, 3>, mcu::Pin_<(mcu::Periph)2, 4>, mcu::Pin_<(mcu::Periph)2, 5>, mcu::Pin_<(mcu::Periph)2, 6>, mcu::Pin_<(mcu::Periph)2, 7> >(std::array<char, 80u> const&)::screen
 .bss._ZZN7HD447804makeIN3mcu4Pin_ILNS1_6PeriphE3ELi12EEENS2_ILS3_4ELi2EEENS2_ILS3_2ELi3EEENS2_ILS3_2ELi4EEENS2_ILS3_2ELi5EEENS2_ILS3_2ELi6EEENS2_ILS3_2ELi7EEEEERS_RKSt5arrayIcLj80EEE6screen
                0x00000000200000a4       0x34 build/main.o
                0x00000000200000a4                HD44780::make<mcu::Pin_<(mcu::Periph)3, 12>, mcu::Pin_<(mcu::Periph)4, 2>, mcu::Pin_<(mcu::Periph)2, 3>, mcu::Pin_<(mcu::Periph)2, 4>, mcu::Pin_<(mcu::Periph)2, 5>, mcu::Pin_<(mcu::Periph)2, 6>, mcu::Pin_<(mcu::Periph)2, 7> >(std::array<char, 80u> const&)::screen
 .bss._ZGVZN3Pin4makeIN3mcu4Pin_ILNS1_6PeriphE2ELi3EEELNS1_7PinModeE1EEERDavE3pin
                0x00000000200000d8        0x4 build/main.o
                0x00000000200000d8                guard variable for Pin::make<mcu::Pin_<(mcu::Periph)2, 3>, (mcu::PinMode)1>()::pin
 .bss._ZZN3Pin4makeIN3mcu4Pin_ILNS1_6PeriphE2ELi3EEELNS1_7PinModeE1EEERDavE3pin
                0x00000000200000dc        0x8 build/main.o
                0x00000000200000dc                Pin::make<mcu::Pin_<(mcu::Periph)2, 3>, (mcu::PinMode)1>()::pin
 .bss._ZGVZN3Pin4makeIN3mcu4Pin_ILNS1_6PeriphE4ELi2EEELNS1_7PinModeE1EEERDavE3pin
                0x00000000200000e4        0x4 build/main.o
                0x00000000200000e4                guard variable for Pin::make<mcu::Pin_<(mcu::Periph)4, 2>, (mcu::PinMode)1>()::pin
 .bss._ZZN3Pin4makeIN3mcu4Pin_ILNS1_6PeriphE4ELi2EEELNS1_7PinModeE1EEERDavE3pin
                0x00000000200000e8        0x8 build/main.o
                0x00000000200000e8                Pin::make<mcu::Pin_<(mcu::Periph)4, 2>, (mcu::PinMode)1>()::pin
 .bss._ZGVZN3Pin4makeIN3mcu4Pin_ILNS1_6PeriphE3ELi12EEELNS1_7PinModeE1EEERDavE3pin
                0x00000000200000f0        0x4 build/main.o
                0x00000000200000f0                guard variable for Pin::make<mcu::Pin_<(mcu::Periph)3, 12>, (mcu::PinMode)1>()::pin
 .bss._ZZN3Pin4makeIN3mcu4Pin_ILNS1_6PeriphE3ELi12EEELNS1_7PinModeE1EEERDavE3pin
                0x00000000200000f4        0x8 build/main.o
                0x00000000200000f4                Pin::make<mcu::Pin_<(mcu::Periph)3, 12>, (mcu::PinMode)1>()::pin
 .bss._ZGVZN3mcu6Button4makeINS_4Pin_ILNS_6PeriphE2ELi9EEELb0EEERDavE6button
                0x00000000200000fc        0x4 build/main.o
                0x00000000200000fc                guard variable for mcu::Button::make<mcu::Pin_<(mcu::Periph)2, 9>, false>()::button
 .bss._ZZN3mcu6Button4makeINS_4Pin_ILNS_6PeriphE2ELi9EEELb0EEERDavE6button
                0x0000000020000100       0x2c build/main.o
                0x0000000020000100                mcu::Button::make<mcu::Pin_<(mcu::Periph)2, 9>, false>()::button
 .bss._ZGVZN3Pin4makeIN3mcu4Pin_ILNS1_6PeriphE2ELi9EEELNS1_7PinModeE0EEERDavE3pin
                0x000000002000012c        0x4 build/main.o
                0x000000002000012c                guard variable for Pin::make<mcu::Pin_<(mcu::Periph)2, 9>, (mcu::PinMode)0>()::pin
 .bss._ZZN3Pin4makeIN3mcu4Pin_ILNS1_6PeriphE2ELi9EEELNS1_7PinModeE0EEERDavE3pin
                0x0000000020000130        0x8 build/main.o
                0x0000000020000130                Pin::make<mcu::Pin_<(mcu::Periph)2, 9>, (mcu::PinMode)0>()::pin
 .bss._ZGVZN3mcu6Button4makeINS_4Pin_ILNS_6PeriphE2ELi8EEELb0EEERDavE6button
                0x0000000020000138        0x4 build/main.o
                0x0000000020000138                guard variable for mcu::Button::make<mcu::Pin_<(mcu::Periph)2, 8>, false>()::button
 .bss._ZZN3mcu6Button4makeINS_4Pin_ILNS_6PeriphE2ELi8EEELb0EEERDavE6button
                0x000000002000013c       0x2c build/main.o
                0x000000002000013c                mcu::Button::make<mcu::Pin_<(mcu::Periph)2, 8>, false>()::button
 .bss._ZGVZN3Pin4makeIN3mcu4Pin_ILNS1_6PeriphE2ELi8EEELNS1_7PinModeE0EEERDavE3pin
                0x0000000020000168        0x4 build/main.o
                0x0000000020000168                guard variable for Pin::make<mcu::Pin_<(mcu::Periph)2, 8>, (mcu::PinMode)0>()::pin
 .bss._ZZN3Pin4makeIN3mcu4Pin_ILNS1_6PeriphE2ELi8EEELNS1_7PinModeE0EEERDavE3pin
                0x000000002000016c        0x8 build/main.o
                0x000000002000016c                Pin::make<mcu::Pin_<(mcu::Periph)2, 8>, (mcu::PinMode)0>()::pin
 .bss.tickUpdater
                0x0000000020000174       0x18 build/main.o
                0x0000000020000174                tickUpdater
 *(COMMON)
                0x000000002000018c                . = ALIGN (0x4)
                0x000000002000018c                _ebss = .
                0x000000002000018c                __bss_end__ = _ebss

._user_heap_stack
                0x000000002000018c      0x604 load address 0x0000000008002488
                0x0000000020000190                . = ALIGN (0x8)
 *fill*         0x000000002000018c        0x4 
                0x0000000020000190                PROVIDE (end = .)
                [!provide]                        PROVIDE (_end = .)
                0x0000000020000390                . = (. + _Min_Heap_Size)
 *fill*         0x0000000020000190      0x200 
                0x0000000020000790                . = (. + _Min_Stack_Size)
 *fill*         0x0000000020000390      0x400 
                0x0000000020000790                . = ALIGN (0x8)

/DISCARD/
 libc.a(*)
 libm.a(*)
 libgcc.a(*)

.ARM.attributes
                0x0000000000000000       0x2d
 *(.ARM.attributes)
 .ARM.attributes
                0x0000000000000000       0x1e /home/slonegd/code/gcc-arm-none-eabi-7-2018-q2-update/bin/../lib/gcc/arm-none-eabi/7.3.1/thumb/v6-m/crti.o
 .ARM.attributes
                0x000000000000001e       0x2c /home/slonegd/code/gcc-arm-none-eabi-7-2018-q2-update/bin/../lib/gcc/arm-none-eabi/7.3.1/thumb/v6-m/crtbegin.o
 .ARM.attributes
                0x000000000000004a       0x31 build/main.o
 .ARM.attributes
                0x000000000000007b       0x21 build/startup_stm32f103xb.o
 .ARM.attributes
                0x000000000000009c       0x2c /home/slonegd/code/gcc-arm-none-eabi-7-2018-q2-update/bin/../lib/gcc/arm-none-eabi/7.3.1/../../../../arm-none-eabi/lib/thumb/v6-m/libstdc++_nano.a(guard.o)
 .ARM.attributes
                0x00000000000000c8       0x2c /home/slonegd/code/gcc-arm-none-eabi-7-2018-q2-update/bin/../lib/gcc/arm-none-eabi/7.3.1/../../../../arm-none-eabi/lib/thumb/v6-m/libc_nano.a(lib_a-init.o)
 .ARM.attributes
                0x00000000000000f4       0x2c /home/slonegd/code/gcc-arm-none-eabi-7-2018-q2-update/bin/../lib/gcc/arm-none-eabi/7.3.1/../../../../arm-none-eabi/lib/thumb/v6-m/libc_nano.a(lib_a-memmove.o)
 .ARM.attributes
                0x0000000000000120       0x2c /home/slonegd/code/gcc-arm-none-eabi-7-2018-q2-update/bin/../lib/gcc/arm-none-eabi/7.3.1/../../../../arm-none-eabi/lib/thumb/v6-m/libc_nano.a(lib_a-memset.o)
 .ARM.attributes
                0x000000000000014c       0x1c /home/slonegd/code/gcc-arm-none-eabi-7-2018-q2-update/bin/../lib/gcc/arm-none-eabi/7.3.1/../../../../arm-none-eabi/lib/thumb/v6-m/libc_nano.a(lib_a-strlen.o)
 .ARM.attributes
                0x0000000000000168       0x1e /home/slonegd/code/gcc-arm-none-eabi-7-2018-q2-update/bin/../lib/gcc/arm-none-eabi/7.3.1/thumb/v6-m/libgcc.a(_udivsi3.o)
 .ARM.attributes
                0x0000000000000186       0x1e /home/slonegd/code/gcc-arm-none-eabi-7-2018-q2-update/bin/../lib/gcc/arm-none-eabi/7.3.1/thumb/v6-m/libgcc.a(_dvmd_tls.o)
 .ARM.attributes
                0x00000000000001a4       0x1e /home/slonegd/code/gcc-arm-none-eabi-7-2018-q2-update/bin/../lib/gcc/arm-none-eabi/7.3.1/thumb/v6-m/crtn.o
OUTPUT(build/main.elf elf32-littlearm)

.debug_info     0x0000000000000000    0x1a3bf
 .debug_info    0x0000000000000000    0x1a39d build/main.o
 .debug_info    0x000000000001a39d       0x22 build/startup_stm32f103xb.o

.debug_abbrev   0x0000000000000000     0x1192
 .debug_abbrev  0x0000000000000000     0x1180 build/main.o
 .debug_abbrev  0x0000000000001180       0x12 build/startup_stm32f103xb.o

.debug_loc      0x0000000000000000     0x2657
 .debug_loc     0x0000000000000000     0x2657 build/main.o

.debug_aranges  0x0000000000000000      0x218
 .debug_aranges
                0x0000000000000000      0x1f0 build/main.o
 .debug_aranges
                0x00000000000001f0       0x28 build/startup_stm32f103xb.o

.debug_ranges   0x0000000000000000      0xc80
 .debug_ranges  0x0000000000000000      0xc60 build/main.o
 .debug_ranges  0x0000000000000c60       0x20 build/startup_stm32f103xb.o

.debug_line     0x0000000000000000     0x14d8
 .debug_line    0x0000000000000000     0x1452 build/main.o
 .debug_line    0x0000000000001452       0x86 build/startup_stm32f103xb.o

.debug_str      0x0000000000000000    0x1d589
 .debug_str     0x0000000000000000    0x1d551 build/main.o
                                      0x1db55 (size before relaxing)
 .debug_str     0x000000000001d551       0x38 build/startup_stm32f103xb.o
                                         0x60 (size before relaxing)

.comment        0x0000000000000000       0x7f
 .comment       0x0000000000000000       0x7f build/main.o
                                         0x80 (size before relaxing)

.debug_frame    0x0000000000000000      0x694
 .debug_frame   0x0000000000000000      0x5c0 build/main.o
 .debug_frame   0x00000000000005c0       0x40 /home/slonegd/code/gcc-arm-none-eabi-7-2018-q2-update/bin/../lib/gcc/arm-none-eabi/7.3.1/../../../../arm-none-eabi/lib/thumb/v6-m/libstdc++_nano.a(guard.o)
 .debug_frame   0x0000000000000600       0x2c /home/slonegd/code/gcc-arm-none-eabi-7-2018-q2-update/bin/../lib/gcc/arm-none-eabi/7.3.1/../../../../arm-none-eabi/lib/thumb/v6-m/libc_nano.a(lib_a-init.o)
 .debug_frame   0x000000000000062c       0x28 /home/slonegd/code/gcc-arm-none-eabi-7-2018-q2-update/bin/../lib/gcc/arm-none-eabi/7.3.1/../../../../arm-none-eabi/lib/thumb/v6-m/libc_nano.a(lib_a-memmove.o)
 .debug_frame   0x0000000000000654       0x20 /home/slonegd/code/gcc-arm-none-eabi-7-2018-q2-update/bin/../lib/gcc/arm-none-eabi/7.3.1/../../../../arm-none-eabi/lib/thumb/v6-m/libc_nano.a(lib_a-memset.o)
 .debug_frame   0x0000000000000674       0x20 /home/slonegd/code/gcc-arm-none-eabi-7-2018-q2-update/bin/../lib/gcc/arm-none-eabi/7.3.1/thumb/v6-m/libgcc.a(_udivsi3.o)

Cross Reference Table

Symbol                                            File
ADC1_2_IRQHandler                                 build/startup_stm32f103xb.o
BusFault_Handler                                  build/startup_stm32f103xb.o
CAN1_RX1_IRQHandler                               build/startup_stm32f103xb.o
CAN1_SCE_IRQHandler                               build/startup_stm32f103xb.o
DMA1_Channel1_IRQHandler                          build/startup_stm32f103xb.o
DMA1_Channel2_IRQHandler                          build/startup_stm32f103xb.o
DMA1_Channel3_IRQHandler                          build/startup_stm32f103xb.o
DMA1_Channel4_IRQHandler                          build/startup_stm32f103xb.o
DMA1_Channel5_IRQHandler                          build/startup_stm32f103xb.o
DMA1_Channel6_IRQHandler                          build/startup_stm32f103xb.o
DMA1_Channel7_IRQHandler                          build/startup_stm32f103xb.o
DebugMon_Handler                                  build/startup_stm32f103xb.o
Default_Handler                                   build/startup_stm32f103xb.o
Delay::ms(unsigned long)                          build/main.o
EXTI0_IRQHandler                                  build/startup_stm32f103xb.o
EXTI15_10_IRQHandler                              build/startup_stm32f103xb.o
EXTI1_IRQHandler                                  build/startup_stm32f103xb.o
EXTI2_IRQHandler                                  build/startup_stm32f103xb.o
EXTI3_IRQHandler                                  build/startup_stm32f103xb.o
EXTI4_IRQHandler                                  build/startup_stm32f103xb.o
EXTI9_5_IRQHandler                                build/startup_stm32f103xb.o
FLASH_IRQHandler                                  build/startup_stm32f103xb.o
Function<void ()>::Function<mcu::example::select_screen<mcu::Pin_<(mcu::Periph)3, 12>, mcu::Pin_<(mcu::Periph)4, 2>, mcu::Pin_<(mcu::Periph)2, 3>, mcu::Pin_<(mcu::Periph)2, 4>, mcu::Pin_<(mcu::Periph)2, 5>, mcu::Pin_<(mcu::Periph)2, 6>, mcu::Pin_<(mcu::Periph)2, 7>, mcu::Pin_<(mcu::Periph)2, 8>, mcu::Pin_<(mcu::Periph)2, 9> >::select_screen()::{lambda()#1}>(mcu::example::select_screen<mcu::Pin_<(mcu::Periph)3, 12>, mcu::Pin_<(mcu::Periph)4, 2>, mcu::Pin_<(mcu::Periph)2, 3>, mcu::Pin_<(mcu::Periph)2, 4>, mcu::Pin_<(mcu::Periph)2, 5>, mcu::Pin_<(mcu::Periph)2, 6>, mcu::Pin_<(mcu::Periph)2, 7>, mcu::Pin_<(mcu::Periph)2, 8>, mcu::Pin_<(mcu::Periph)2, 9> >::select_screen()::{lambda()#1})::holder build/main.o
Function<void ()>::Function<mcu::example::select_screen<mcu::Pin_<(mcu::Periph)3, 12>, mcu::Pin_<(mcu::Periph)4, 2>, mcu::Pin_<(mcu::Periph)2, 3>, mcu::Pin_<(mcu::Periph)2, 4>, mcu::Pin_<(mcu::Periph)2, 5>, mcu::Pin_<(mcu::Periph)2, 6>, mcu::Pin_<(mcu::Periph)2, 7>, mcu::Pin_<(mcu::Periph)2, 8>, mcu::Pin_<(mcu::Periph)2, 9> >::select_screen()::{lambda()#2}>(mcu::example::select_screen<mcu::Pin_<(mcu::Periph)3, 12>, mcu::Pin_<(mcu::Periph)4, 2>, mcu::Pin_<(mcu::Periph)2, 3>, mcu::Pin_<(mcu::Periph)2, 4>, mcu::Pin_<(mcu::Periph)2, 5>, mcu::Pin_<(mcu::Periph)2, 6>, mcu::Pin_<(mcu::Periph)2, 7>, mcu::Pin_<(mcu::Periph)2, 8>, mcu::Pin_<(mcu::Periph)2, 9> >::select_screen()::{lambda()#2})::holder build/main.o
Function<void ()>::Function<mcu::example::select_screen<mcu::Pin_<(mcu::Periph)3, 12>, mcu::Pin_<(mcu::Periph)4, 2>, mcu::Pin_<(mcu::Periph)2, 3>, mcu::Pin_<(mcu::Periph)2, 4>, mcu::Pin_<(mcu::Periph)2, 5>, mcu::Pin_<(mcu::Periph)2, 6>, mcu::Pin_<(mcu::Periph)2, 7>, mcu::Pin_<(mcu::Periph)2, 8>, mcu::Pin_<(mcu::Periph)2, 9> >::select_screen()::{lambda()#3}>(mcu::example::select_screen<mcu::Pin_<(mcu::Periph)3, 12>, mcu::Pin_<(mcu::Periph)4, 2>, mcu::Pin_<(mcu::Periph)2, 3>, mcu::Pin_<(mcu::Periph)2, 4>, mcu::Pin_<(mcu::Periph)2, 5>, mcu::Pin_<(mcu::Periph)2, 6>, mcu::Pin_<(mcu::Periph)2, 7>, mcu::Pin_<(mcu::Periph)2, 8>, mcu::Pin_<(mcu::Periph)2, 9> >::select_screen()::{lambda()#3})::holder build/main.o
Function<void ()>::Function<mcu::example::select_screen<mcu::Pin_<(mcu::Periph)3, 12>, mcu::Pin_<(mcu::Periph)4, 2>, mcu::Pin_<(mcu::Periph)2, 3>, mcu::Pin_<(mcu::Periph)2, 4>, mcu::Pin_<(mcu::Periph)2, 5>, mcu::Pin_<(mcu::Periph)2, 6>, mcu::Pin_<(mcu::Periph)2, 7>, mcu::Pin_<(mcu::Periph)2, 8>, mcu::Pin_<(mcu::Periph)2, 9> >::select_screen()::{lambda()#4}>(mcu::example::select_screen<mcu::Pin_<(mcu::Periph)3, 12>, mcu::Pin_<(mcu::Periph)4, 2>, mcu::Pin_<(mcu::Periph)2, 3>, mcu::Pin_<(mcu::Periph)2, 4>, mcu::Pin_<(mcu::Periph)2, 5>, mcu::Pin_<(mcu::Periph)2, 6>, mcu::Pin_<(mcu::Periph)2, 7>, mcu::Pin_<(mcu::Periph)2, 8>, mcu::Pin_<(mcu::Periph)2, 9> >::select_screen()::{lambda()#4})::holder build/main.o
Function<void ()>::Function<mcu::example::select_screen<mcu::Pin_<(mcu::Periph)3, 12>, mcu::Pin_<(mcu::Periph)4, 2>, mcu::Pin_<(mcu::Periph)2, 3>, mcu::Pin_<(mcu::Periph)2, 4>, mcu::Pin_<(mcu::Periph)2, 5>, mcu::Pin_<(mcu::Periph)2, 6>, mcu::Pin_<(mcu::Periph)2, 7>, mcu::Pin_<(mcu::Periph)2, 8>, mcu::Pin_<(mcu::Periph)2, 9> >::select_screen()::{lambda()#5}>(mcu::example::select_screen<mcu::Pin_<(mcu::Periph)3, 12>, mcu::Pin_<(mcu::Periph)4, 2>, mcu::Pin_<(mcu::Periph)2, 3>, mcu::Pin_<(mcu::Periph)2, 4>, mcu::Pin_<(mcu::Periph)2, 5>, mcu::Pin_<(mcu::Periph)2, 6>, mcu::Pin_<(mcu::Periph)2, 7>, mcu::Pin_<(mcu::Periph)2, 8>, mcu::Pin_<(mcu::Periph)2, 9> >::select_screen()::{lambda()#5})::holder build/main.o
Function<void ()>::Function<mcu::example::select_screen<mcu::Pin_<(mcu::Periph)3, 12>, mcu::Pin_<(mcu::Periph)4, 2>, mcu::Pin_<(mcu::Periph)2, 3>, mcu::Pin_<(mcu::Periph)2, 4>, mcu::Pin_<(mcu::Periph)2, 5>, mcu::Pin_<(mcu::Periph)2, 6>, mcu::Pin_<(mcu::Periph)2, 7>, mcu::Pin_<(mcu::Periph)2, 8>, mcu::Pin_<(mcu::Periph)2, 9> >::select_screen()::{lambda()#6}>(mcu::example::select_screen<mcu::Pin_<(mcu::Periph)3, 12>, mcu::Pin_<(mcu::Periph)4, 2>, mcu::Pin_<(mcu::Periph)2, 3>, mcu::Pin_<(mcu::Periph)2, 4>, mcu::Pin_<(mcu::Periph)2, 5>, mcu::Pin_<(mcu::Periph)2, 6>, mcu::Pin_<(mcu::Periph)2, 7>, mcu::Pin_<(mcu::Periph)2, 8>, mcu::Pin_<(mcu::Periph)2, 9> >::select_screen()::{lambda()#6})::holder build/main.o
Function<void ()>::Function<mcu::example::select_screen<mcu::Pin_<(mcu::Periph)3, 12>, mcu::Pin_<(mcu::Periph)4, 2>, mcu::Pin_<(mcu::Periph)2, 3>, mcu::Pin_<(mcu::Periph)2, 4>, mcu::Pin_<(mcu::Periph)2, 5>, mcu::Pin_<(mcu::Periph)2, 6>, mcu::Pin_<(mcu::Periph)2, 7>, mcu::Pin_<(mcu::Periph)2, 8>, mcu::Pin_<(mcu::Periph)2, 9> >::select_screen()::{lambda()#7}>(mcu::example::select_screen<mcu::Pin_<(mcu::Periph)3, 12>, mcu::Pin_<(mcu::Periph)4, 2>, mcu::Pin_<(mcu::Periph)2, 3>, mcu::Pin_<(mcu::Periph)2, 4>, mcu::Pin_<(mcu::Periph)2, 5>, mcu::Pin_<(mcu::Periph)2, 6>, mcu::Pin_<(mcu::Periph)2, 7>, mcu::Pin_<(mcu::Periph)2, 8>, mcu::Pin_<(mcu::Periph)2, 9> >::select_screen()::{lambda()#7})::holder build/main.o
Function<void ()>::Function_holder<mcu::example::select_screen<mcu::Pin_<(mcu::Periph)3, 12>, mcu::Pin_<(mcu::Periph)4, 2>, mcu::Pin_<(mcu::Periph)2, 3>, mcu::Pin_<(mcu::Periph)2, 4>, mcu::Pin_<(mcu::Periph)2, 5>, mcu::Pin_<(mcu::Periph)2, 6>, mcu::Pin_<(mcu::Periph)2, 7>, mcu::Pin_<(mcu::Periph)2, 8>, mcu::Pin_<(mcu::Periph)2, 9> >::select_screen()::{lambda()#1}>::call() build/main.o
Function<void ()>::Function_holder<mcu::example::select_screen<mcu::Pin_<(mcu::Periph)3, 12>, mcu::Pin_<(mcu::Periph)4, 2>, mcu::Pin_<(mcu::Periph)2, 3>, mcu::Pin_<(mcu::Periph)2, 4>, mcu::Pin_<(mcu::Periph)2, 5>, mcu::Pin_<(mcu::Periph)2, 6>, mcu::Pin_<(mcu::Periph)2, 7>, mcu::Pin_<(mcu::Periph)2, 8>, mcu::Pin_<(mcu::Periph)2, 9> >::select_screen()::{lambda()#2}>::call() build/main.o
Function<void ()>::Function_holder<mcu::example::select_screen<mcu::Pin_<(mcu::Periph)3, 12>, mcu::Pin_<(mcu::Periph)4, 2>, mcu::Pin_<(mcu::Periph)2, 3>, mcu::Pin_<(mcu::Periph)2, 4>, mcu::Pin_<(mcu::Periph)2, 5>, mcu::Pin_<(mcu::Periph)2, 6>, mcu::Pin_<(mcu::Periph)2, 7>, mcu::Pin_<(mcu::Periph)2, 8>, mcu::Pin_<(mcu::Periph)2, 9> >::select_screen()::{lambda()#3}>::call() build/main.o
Function<void ()>::Function_holder<mcu::example::select_screen<mcu::Pin_<(mcu::Periph)3, 12>, mcu::Pin_<(mcu::Periph)4, 2>, mcu::Pin_<(mcu::Periph)2, 3>, mcu::Pin_<(mcu::Periph)2, 4>, mcu::Pin_<(mcu::Periph)2, 5>, mcu::Pin_<(mcu::Periph)2, 6>, mcu::Pin_<(mcu::Periph)2, 7>, mcu::Pin_<(mcu::Periph)2, 8>, mcu::Pin_<(mcu::Periph)2, 9> >::select_screen()::{lambda()#4}>::call() build/main.o
Function<void ()>::Function_holder<mcu::example::select_screen<mcu::Pin_<(mcu::Periph)3, 12>, mcu::Pin_<(mcu::Periph)4, 2>, mcu::Pin_<(mcu::Periph)2, 3>, mcu::Pin_<(mcu::Periph)2, 4>, mcu::Pin_<(mcu::Periph)2, 5>, mcu::Pin_<(mcu::Periph)2, 6>, mcu::Pin_<(mcu::Periph)2, 7>, mcu::Pin_<(mcu::Periph)2, 8>, mcu::Pin_<(mcu::Periph)2, 9> >::select_screen()::{lambda()#5}>::call() build/main.o
Function<void ()>::Function_holder<mcu::example::select_screen<mcu::Pin_<(mcu::Periph)3, 12>, mcu::Pin_<(mcu::Periph)4, 2>, mcu::Pin_<(mcu::Periph)2, 3>, mcu::Pin_<(mcu::Periph)2, 4>, mcu::Pin_<(mcu::Periph)2, 5>, mcu::Pin_<(mcu::Periph)2, 6>, mcu::Pin_<(mcu::Periph)2, 7>, mcu::Pin_<(mcu::Periph)2, 8>, mcu::Pin_<(mcu::Periph)2, 9> >::select_screen()::{lambda()#6}>::call() build/main.o
Function<void ()>::Function_holder<mcu::example::select_screen<mcu::Pin_<(mcu::Periph)3, 12>, mcu::Pin_<(mcu::Periph)4, 2>, mcu::Pin_<(mcu::Periph)2, 3>, mcu::Pin_<(mcu::Periph)2, 4>, mcu::Pin_<(mcu::Periph)2, 5>, mcu::Pin_<(mcu::Periph)2, 6>, mcu::Pin_<(mcu::Periph)2, 7>, mcu::Pin_<(mcu::Periph)2, 8>, mcu::Pin_<(mcu::Periph)2, 9> >::select_screen()::{lambda()#7}>::call() build/main.o
Function<void ()>::operator()()                   build/main.o
HD44780& HD44780::make<mcu::Pin_<(mcu::Periph)3, 12>, mcu::Pin_<(mcu::Periph)4, 2>, mcu::Pin_<(mcu::Periph)2, 3>, mcu::Pin_<(mcu::Periph)2, 4>, mcu::Pin_<(mcu::Periph)2, 5>, mcu::Pin_<(mcu::Periph)2, 6>, mcu::Pin_<(mcu::Periph)2, 7> >(std::array<char, 80u> const&) build/main.o
HD44780::Symbol_n::table                          build/main.o
HD44780::init()                                   build/main.o
HD44780::make<mcu::Pin_<(mcu::Periph)3, 12>, mcu::Pin_<(mcu::Periph)4, 2>, mcu::Pin_<(mcu::Periph)2, 3>, mcu::Pin_<(mcu::Periph)2, 4>, mcu::Pin_<(mcu::Periph)2, 5>, mcu::Pin_<(mcu::Periph)2, 6>, mcu::Pin_<(mcu::Periph)2, 7> >(std::array<char, 80u> const&)::screen build/main.o
HD44780::notify()                                 build/main.o
HardFault_Handler                                 build/startup_stm32f103xb.o
I2C1_ER_IRQHandler                                build/startup_stm32f103xb.o
I2C1_EV_IRQHandler                                build/startup_stm32f103xb.o
I2C2_ER_IRQHandler                                build/startup_stm32f103xb.o
I2C2_EV_IRQHandler                                build/startup_stm32f103xb.o
MemManage_Handler                                 build/startup_stm32f103xb.o
NMI_Handler                                       build/startup_stm32f103xb.o
PVD_IRQHandler                                    build/startup_stm32f103xb.o
PendSV_Handler                                    build/startup_stm32f103xb.o
Pin::clear()                                      build/main.o
Pin::is_set()                                     build/main.o
Pin::make<mcu::Pin_<(mcu::Periph)2, 3>, (mcu::PinMode)1>()::pin build/main.o
Pin::make<mcu::Pin_<(mcu::Periph)2, 4>, (mcu::PinMode)1>()::pin build/main.o
Pin::make<mcu::Pin_<(mcu::Periph)2, 5>, (mcu::PinMode)1>()::pin build/main.o
Pin::make<mcu::Pin_<(mcu::Periph)2, 6>, (mcu::PinMode)1>()::pin build/main.o
Pin::make<mcu::Pin_<(mcu::Periph)2, 7>, (mcu::PinMode)1>()::pin build/main.o
Pin::make<mcu::Pin_<(mcu::Periph)2, 8>, (mcu::PinMode)0>()::pin build/main.o
Pin::make<mcu::Pin_<(mcu::Periph)2, 9>, (mcu::PinMode)0>()::pin build/main.o
Pin::make<mcu::Pin_<(mcu::Periph)3, 12>, (mcu::PinMode)1>()::pin build/main.o
Pin::make<mcu::Pin_<(mcu::Periph)4, 2>, (mcu::PinMode)1>()::pin build/main.o
Pin::set()                                        build/main.o
Publisher::notify()                               build/main.o
RCC_IRQHandler                                    build/startup_stm32f103xb.o
RTC_Alarm_IRQHandler                              build/startup_stm32f103xb.o
RTC_IRQHandler                                    build/startup_stm32f103xb.o
Reset_Handler                                     build/startup_stm32f103xb.o
SPI1_IRQHandler                                   build/startup_stm32f103xb.o
SPI2_IRQHandler                                   build/startup_stm32f103xb.o
SVC_Handler                                       build/startup_stm32f103xb.o
Select_screen<6>::draw()                          build/main.o
Select_screen<6>::init()                          build/main.o
String_buffer::center()                           build/main.o
String_buffer::cursor(unsigned int)               build/main.o
String_buffer::line(unsigned int)                 build/main.o
String_buffer::operator<<(String_buffer& (&)(String_buffer&)) build/main.o
String_buffer::operator<<(int)                    build/main.o
String_buffer::operator<<(std::basic_string_view<char, std::char_traits<char> >) build/main.o
String_buffer::width(unsigned int)                build/main.o
SysTick_Handler                                   build/main.o
TAMPER_IRQHandler                                 build/startup_stm32f103xb.o
TIM1_BRK_IRQHandler                               build/startup_stm32f103xb.o
TIM1_CC_IRQHandler                                build/startup_stm32f103xb.o
TIM1_TRG_COM_IRQHandler                           build/startup_stm32f103xb.o
TIM1_UP_IRQHandler                                build/startup_stm32f103xb.o
TIM2_IRQHandler                                   build/startup_stm32f103xb.o
TIM3_IRQHandler                                   build/startup_stm32f103xb.o
TIM4_IRQHandler                                   build/startup_stm32f103xb.o
TickSubscriber::tick_subscribe()                  build/main.o
TickSubscriber::tick_unsubscribe()                build/main.o
TickUpdater::interrupt()                          build/main.o
Timer::done()                                     build/main.o
Timer::event()                                    build/main.o
Timer::isCount()                                  build/main.o
Timer::isGreater(unsigned long)                   build/main.o
Timer::notify()                                   build/main.o
Timer::pause()                                    build/main.o
Timer::start()                                    build/main.o
Timer::start(unsigned long)                       build/main.o
Timer::stop()                                     build/main.o
Timer::timeLeft()                                 build/main.o
Timer::timePassed()                               build/main.o
USART1_IRQHandler                                 build/startup_stm32f103xb.o
USART2_IRQHandler                                 build/startup_stm32f103xb.o
USART3_IRQHandler                                 build/startup_stm32f103xb.o
USBWakeUp_IRQHandler                              build/startup_stm32f103xb.o
USB_HP_CAN1_TX_IRQHandler                         build/startup_stm32f103xb.o
USB_LP_CAN1_RX0_IRQHandler                        build/startup_stm32f103xb.o
UsageFault_Handler                                build/startup_stm32f103xb.o
WWDG_IRQHandler                                   build/startup_stm32f103xb.o
__aeabi_idiv0                                     /home/slonegd/code/gcc-arm-none-eabi-7-2018-q2-update/bin/../lib/gcc/arm-none-eabi/7.3.1/thumb/v6-m/libgcc.a(_dvmd_tls.o)
                                                  /home/slonegd/code/gcc-arm-none-eabi-7-2018-q2-update/bin/../lib/gcc/arm-none-eabi/7.3.1/thumb/v6-m/libgcc.a(_udivsi3.o)
__aeabi_ldiv0                                     /home/slonegd/code/gcc-arm-none-eabi-7-2018-q2-update/bin/../lib/gcc/arm-none-eabi/7.3.1/thumb/v6-m/libgcc.a(_dvmd_tls.o)
__aeabi_uidiv                                     /home/slonegd/code/gcc-arm-none-eabi-7-2018-q2-update/bin/../lib/gcc/arm-none-eabi/7.3.1/thumb/v6-m/libgcc.a(_udivsi3.o)
__aeabi_uidivmod                                  /home/slonegd/code/gcc-arm-none-eabi-7-2018-q2-update/bin/../lib/gcc/arm-none-eabi/7.3.1/thumb/v6-m/libgcc.a(_udivsi3.o)
                                                  /home/slonegd/code/gcc-arm-none-eabi-7-2018-q2-update/bin/../lib/gcc/arm-none-eabi/7.3.1/../../../../arm-none-eabi/lib/thumb/v6-m/libc_nano.a(lib_a-nano-vfprintf_i.o)
                                                  build/main.o
__bss_end__                                       /home/slonegd/code/gcc-arm-none-eabi-7-2018-q2-update/bin/../lib/gcc/arm-none-eabi/7.3.1/../../../../arm-none-eabi/lib/thumb/v6-m/crt0.o
__bss_start__                                     /home/slonegd/code/gcc-arm-none-eabi-7-2018-q2-update/bin/../lib/gcc/arm-none-eabi/7.3.1/../../../../arm-none-eabi/lib/thumb/v6-m/crt0.o
__call_exitprocs                                  /home/slonegd/code/gcc-arm-none-eabi-7-2018-q2-update/bin/../lib/gcc/arm-none-eabi/7.3.1/../../../../arm-none-eabi/lib/thumb/v6-m/libc_nano.a(lib_a-exit.o)
__cxa_guard_abort                                 /home/slonegd/code/gcc-arm-none-eabi-7-2018-q2-update/bin/../lib/gcc/arm-none-eabi/7.3.1/../../../../arm-none-eabi/lib/thumb/v6-m/libstdc++_nano.a(guard.o)
__cxa_guard_acquire                               /home/slonegd/code/gcc-arm-none-eabi-7-2018-q2-update/bin/../lib/gcc/arm-none-eabi/7.3.1/../../../../arm-none-eabi/lib/thumb/v6-m/libstdc++_nano.a(guard.o)
                                                  build/main.o
__cxa_guard_release                               /home/slonegd/code/gcc-arm-none-eabi-7-2018-q2-update/bin/../lib/gcc/arm-none-eabi/7.3.1/../../../../arm-none-eabi/lib/thumb/v6-m/libstdc++_nano.a(guard.o)
                                                  build/main.o
__deregister_frame_info                           /home/slonegd/code/gcc-arm-none-eabi-7-2018-q2-update/bin/../lib/gcc/arm-none-eabi/7.3.1/thumb/v6-m/crtbegin.o
__dso_handle                                      /home/slonegd/code/gcc-arm-none-eabi-7-2018-q2-update/bin/../lib/gcc/arm-none-eabi/7.3.1/thumb/v6-m/crtbegin.o
__init_array_end                                  /home/slonegd/code/gcc-arm-none-eabi-7-2018-q2-update/bin/../lib/gcc/arm-none-eabi/7.3.1/../../../../arm-none-eabi/lib/thumb/v6-m/libc_nano.a(lib_a-init.o)
__init_array_start                                /home/slonegd/code/gcc-arm-none-eabi-7-2018-q2-update/bin/../lib/gcc/arm-none-eabi/7.3.1/../../../../arm-none-eabi/lib/thumb/v6-m/libc_nano.a(lib_a-init.o)
__libc_fini_array                                 /home/slonegd/code/gcc-arm-none-eabi-7-2018-q2-update/bin/../lib/gcc/arm-none-eabi/7.3.1/../../../../arm-none-eabi/lib/thumb/v6-m/crt0.o
__libc_init_array                                 /home/slonegd/code/gcc-arm-none-eabi-7-2018-q2-update/bin/../lib/gcc/arm-none-eabi/7.3.1/../../../../arm-none-eabi/lib/thumb/v6-m/libc_nano.a(lib_a-init.o)
                                                  build/startup_stm32f103xb.o
                                                  /home/slonegd/code/gcc-arm-none-eabi-7-2018-q2-update/bin/../lib/gcc/arm-none-eabi/7.3.1/../../../../arm-none-eabi/lib/thumb/v6-m/crt0.o
__malloc_free_list                                /home/slonegd/code/gcc-arm-none-eabi-7-2018-q2-update/bin/../lib/gcc/arm-none-eabi/7.3.1/../../../../arm-none-eabi/lib/thumb/v6-m/libc_nano.a(lib_a-nano-mallocr.o)
                                                  /home/slonegd/code/gcc-arm-none-eabi-7-2018-q2-update/bin/../lib/gcc/arm-none-eabi/7.3.1/../../../../arm-none-eabi/lib/thumb/v6-m/libc_nano.a(lib_a-nano-freer.o)
__malloc_lock                                     /home/slonegd/code/gcc-arm-none-eabi-7-2018-q2-update/bin/../lib/gcc/arm-none-eabi/7.3.1/../../../../arm-none-eabi/lib/thumb/v6-m/libc_nano.a(lib_a-mlock.o)
                                                  /home/slonegd/code/gcc-arm-none-eabi-7-2018-q2-update/bin/../lib/gcc/arm-none-eabi/7.3.1/../../../../arm-none-eabi/lib/thumb/v6-m/libc_nano.a(lib_a-nano-mallocr.o)
                                                  /home/slonegd/code/gcc-arm-none-eabi-7-2018-q2-update/bin/../lib/gcc/arm-none-eabi/7.3.1/../../../../arm-none-eabi/lib/thumb/v6-m/libc_nano.a(lib_a-nano-freer.o)
__malloc_sbrk_start                               /home/slonegd/code/gcc-arm-none-eabi-7-2018-q2-update/bin/../lib/gcc/arm-none-eabi/7.3.1/../../../../arm-none-eabi/lib/thumb/v6-m/libc_nano.a(lib_a-nano-mallocr.o)
__malloc_unlock                                   /home/slonegd/code/gcc-arm-none-eabi-7-2018-q2-update/bin/../lib/gcc/arm-none-eabi/7.3.1/../../../../arm-none-eabi/lib/thumb/v6-m/libc_nano.a(lib_a-mlock.o)
                                                  /home/slonegd/code/gcc-arm-none-eabi-7-2018-q2-update/bin/../lib/gcc/arm-none-eabi/7.3.1/../../../../arm-none-eabi/lib/thumb/v6-m/libc_nano.a(lib_a-nano-mallocr.o)
                                                  /home/slonegd/code/gcc-arm-none-eabi-7-2018-q2-update/bin/../lib/gcc/arm-none-eabi/7.3.1/../../../../arm-none-eabi/lib/thumb/v6-m/libc_nano.a(lib_a-nano-freer.o)
__preinit_array_end                               /home/slonegd/code/gcc-arm-none-eabi-7-2018-q2-update/bin/../lib/gcc/arm-none-eabi/7.3.1/../../../../arm-none-eabi/lib/thumb/v6-m/libc_nano.a(lib_a-init.o)
__preinit_array_start                             /home/slonegd/code/gcc-arm-none-eabi-7-2018-q2-update/bin/../lib/gcc/arm-none-eabi/7.3.1/../../../../arm-none-eabi/lib/thumb/v6-m/libc_nano.a(lib_a-init.o)
__register_frame_info                             /home/slonegd/code/gcc-arm-none-eabi-7-2018-q2-update/bin/../lib/gcc/arm-none-eabi/7.3.1/thumb/v6-m/crtbegin.o
__sf_fake_stderr                                  /home/slonegd/code/gcc-arm-none-eabi-7-2018-q2-update/bin/../lib/gcc/arm-none-eabi/7.3.1/../../../../arm-none-eabi/lib/thumb/v6-m/libc_nano.a(lib_a-impure.o)
__sf_fake_stdin                                   /home/slonegd/code/gcc-arm-none-eabi-7-2018-q2-update/bin/../lib/gcc/arm-none-eabi/7.3.1/../../../../arm-none-eabi/lib/thumb/v6-m/libc_nano.a(lib_a-impure.o)
__sf_fake_stdout                                  /home/slonegd/code/gcc-arm-none-eabi-7-2018-q2-update/bin/../lib/gcc/arm-none-eabi/7.3.1/../../../../arm-none-eabi/lib/thumb/v6-m/libc_nano.a(lib_a-impure.o)
__ssprint_r                                       /home/slonegd/code/gcc-arm-none-eabi-7-2018-q2-update/bin/../lib/gcc/arm-none-eabi/7.3.1/../../../../arm-none-eabi/lib/thumb/v6-m/libc_nano.a(lib_a-nano-svfprintf.o)
__ssputs_r                                        /home/slonegd/code/gcc-arm-none-eabi-7-2018-q2-update/bin/../lib/gcc/arm-none-eabi/7.3.1/../../../../arm-none-eabi/lib/thumb/v6-m/libc_nano.a(lib_a-nano-svfprintf.o)
__stack                                           /home/slonegd/code/gcc-arm-none-eabi-7-2018-q2-update/bin/../lib/gcc/arm-none-eabi/7.3.1/../../../../arm-none-eabi/lib/thumb/v6-m/crt0.o
__udivsi3                                         /home/slonegd/code/gcc-arm-none-eabi-7-2018-q2-update/bin/../lib/gcc/arm-none-eabi/7.3.1/thumb/v6-m/libgcc.a(_udivsi3.o)
_ebss                                             build/startup_stm32f103xb.o
_edata                                            build/startup_stm32f103xb.o
_estack                                           build/startup_stm32f103xb.o
_exit                                             /home/slonegd/code/gcc-arm-none-eabi-7-2018-q2-update/bin/../lib/gcc/arm-none-eabi/7.3.1/../../../../arm-none-eabi/lib/thumb/v6-m/libnosys.a(_exit.o)
                                                  /home/slonegd/code/gcc-arm-none-eabi-7-2018-q2-update/bin/../lib/gcc/arm-none-eabi/7.3.1/../../../../arm-none-eabi/lib/thumb/v6-m/libc_nano.a(lib_a-exit.o)
_fini                                             /home/slonegd/code/gcc-arm-none-eabi-7-2018-q2-update/bin/../lib/gcc/arm-none-eabi/7.3.1/thumb/v6-m/crti.o
_free_r                                           /home/slonegd/code/gcc-arm-none-eabi-7-2018-q2-update/bin/../lib/gcc/arm-none-eabi/7.3.1/../../../../arm-none-eabi/lib/thumb/v6-m/libc_nano.a(lib_a-nano-freer.o)
                                                  /home/slonegd/code/gcc-arm-none-eabi-7-2018-q2-update/bin/../lib/gcc/arm-none-eabi/7.3.1/../../../../arm-none-eabi/lib/thumb/v6-m/libc_nano.a(lib_a-reent.o)
                                                  /home/slonegd/code/gcc-arm-none-eabi-7-2018-q2-update/bin/../lib/gcc/arm-none-eabi/7.3.1/../../../../arm-none-eabi/lib/thumb/v6-m/libc_nano.a(lib_a-nano-reallocr.o)
                                                  /home/slonegd/code/gcc-arm-none-eabi-7-2018-q2-update/bin/../lib/gcc/arm-none-eabi/7.3.1/../../../../arm-none-eabi/lib/thumb/v6-m/libc_nano.a(lib_a-nano-svfprintf.o)
_global_impure_ptr                                /home/slonegd/code/gcc-arm-none-eabi-7-2018-q2-update/bin/../lib/gcc/arm-none-eabi/7.3.1/../../../../arm-none-eabi/lib/thumb/v6-m/libc_nano.a(lib_a-impure.o)
                                                  /home/slonegd/code/gcc-arm-none-eabi-7-2018-q2-update/bin/../lib/gcc/arm-none-eabi/7.3.1/../../../../arm-none-eabi/lib/thumb/v6-m/libc_nano.a(lib_a-exit.o)
_impure_ptr                                       /home/slonegd/code/gcc-arm-none-eabi-7-2018-q2-update/bin/../lib/gcc/arm-none-eabi/7.3.1/../../../../arm-none-eabi/lib/thumb/v6-m/libc_nano.a(lib_a-impure.o)
                                                  /home/slonegd/code/gcc-arm-none-eabi-7-2018-q2-update/bin/../lib/gcc/arm-none-eabi/7.3.1/../../../../arm-none-eabi/lib/thumb/v6-m/libc_nano.a(lib_a-reent.o)
                                                  /home/slonegd/code/gcc-arm-none-eabi-7-2018-q2-update/bin/../lib/gcc/arm-none-eabi/7.3.1/../../../../arm-none-eabi/lib/thumb/v6-m/libc_nano.a(lib_a-sprintf.o)
_init                                             /home/slonegd/code/gcc-arm-none-eabi-7-2018-q2-update/bin/../lib/gcc/arm-none-eabi/7.3.1/thumb/v6-m/crti.o
                                                  /home/slonegd/code/gcc-arm-none-eabi-7-2018-q2-update/bin/../lib/gcc/arm-none-eabi/7.3.1/../../../../arm-none-eabi/lib/thumb/v6-m/libc_nano.a(lib_a-init.o)
_mainCRTStartup                                   /home/slonegd/code/gcc-arm-none-eabi-7-2018-q2-update/bin/../lib/gcc/arm-none-eabi/7.3.1/../../../../arm-none-eabi/lib/thumb/v6-m/crt0.o
_malloc_r                                         /home/slonegd/code/gcc-arm-none-eabi-7-2018-q2-update/bin/../lib/gcc/arm-none-eabi/7.3.1/../../../../arm-none-eabi/lib/thumb/v6-m/libc_nano.a(lib_a-nano-mallocr.o)
                                                  /home/slonegd/code/gcc-arm-none-eabi-7-2018-q2-update/bin/../lib/gcc/arm-none-eabi/7.3.1/../../../../arm-none-eabi/lib/thumb/v6-m/libc_nano.a(lib_a-nano-reallocr.o)
                                                  /home/slonegd/code/gcc-arm-none-eabi-7-2018-q2-update/bin/../lib/gcc/arm-none-eabi/7.3.1/../../../../arm-none-eabi/lib/thumb/v6-m/libc_nano.a(lib_a-nano-svfprintf.o)
_malloc_usable_size_r                             /home/slonegd/code/gcc-arm-none-eabi-7-2018-q2-update/bin/../lib/gcc/arm-none-eabi/7.3.1/../../../../arm-none-eabi/lib/thumb/v6-m/libc_nano.a(lib_a-nano-msizer.o)
                                                  /home/slonegd/code/gcc-arm-none-eabi-7-2018-q2-update/bin/../lib/gcc/arm-none-eabi/7.3.1/../../../../arm-none-eabi/lib/thumb/v6-m/libc_nano.a(lib_a-nano-reallocr.o)
_printf_common                                    /home/slonegd/code/gcc-arm-none-eabi-7-2018-q2-update/bin/../lib/gcc/arm-none-eabi/7.3.1/../../../../arm-none-eabi/lib/thumb/v6-m/libc_nano.a(lib_a-nano-vfprintf_i.o)
_printf_float                                     /home/slonegd/code/gcc-arm-none-eabi-7-2018-q2-update/bin/../lib/gcc/arm-none-eabi/7.3.1/../../../../arm-none-eabi/lib/thumb/v6-m/libc_nano.a(lib_a-nano-svfprintf.o)
_printf_i                                         /home/slonegd/code/gcc-arm-none-eabi-7-2018-q2-update/bin/../lib/gcc/arm-none-eabi/7.3.1/../../../../arm-none-eabi/lib/thumb/v6-m/libc_nano.a(lib_a-nano-vfprintf_i.o)
                                                  /home/slonegd/code/gcc-arm-none-eabi-7-2018-q2-update/bin/../lib/gcc/arm-none-eabi/7.3.1/../../../../arm-none-eabi/lib/thumb/v6-m/libc_nano.a(lib_a-nano-svfprintf.o)
_realloc_r                                        /home/slonegd/code/gcc-arm-none-eabi-7-2018-q2-update/bin/../lib/gcc/arm-none-eabi/7.3.1/../../../../arm-none-eabi/lib/thumb/v6-m/libc_nano.a(lib_a-nano-reallocr.o)
                                                  /home/slonegd/code/gcc-arm-none-eabi-7-2018-q2-update/bin/../lib/gcc/arm-none-eabi/7.3.1/../../../../arm-none-eabi/lib/thumb/v6-m/libc_nano.a(lib_a-nano-svfprintf.o)
_reclaim_reent                                    /home/slonegd/code/gcc-arm-none-eabi-7-2018-q2-update/bin/../lib/gcc/arm-none-eabi/7.3.1/../../../../arm-none-eabi/lib/thumb/v6-m/libc_nano.a(lib_a-reent.o)
_sbrk                                             /home/slonegd/code/gcc-arm-none-eabi-7-2018-q2-update/bin/../lib/gcc/arm-none-eabi/7.3.1/../../../../arm-none-eabi/lib/thumb/v6-m/libnosys.a(sbrk.o)
                                                  /home/slonegd/code/gcc-arm-none-eabi-7-2018-q2-update/bin/../lib/gcc/arm-none-eabi/7.3.1/../../../../arm-none-eabi/lib/thumb/v6-m/libc_nano.a(lib_a-sbrkr.o)
_sbrk_r                                           /home/slonegd/code/gcc-arm-none-eabi-7-2018-q2-update/bin/../lib/gcc/arm-none-eabi/7.3.1/../../../../arm-none-eabi/lib/thumb/v6-m/libc_nano.a(lib_a-sbrkr.o)
                                                  /home/slonegd/code/gcc-arm-none-eabi-7-2018-q2-update/bin/../lib/gcc/arm-none-eabi/7.3.1/../../../../arm-none-eabi/lib/thumb/v6-m/libc_nano.a(lib_a-nano-mallocr.o)
_sbss                                             build/startup_stm32f103xb.o
_sdata                                            build/startup_stm32f103xb.o
_sidata                                           build/startup_stm32f103xb.o
_siprintf_r                                       /home/slonegd/code/gcc-arm-none-eabi-7-2018-q2-update/bin/../lib/gcc/arm-none-eabi/7.3.1/../../../../arm-none-eabi/lib/thumb/v6-m/libc_nano.a(lib_a-sprintf.o)
_sprintf_r                                        /home/slonegd/code/gcc-arm-none-eabi-7-2018-q2-update/bin/../lib/gcc/arm-none-eabi/7.3.1/../../../../arm-none-eabi/lib/thumb/v6-m/libc_nano.a(lib_a-sprintf.o)
_start                                            /home/slonegd/code/gcc-arm-none-eabi-7-2018-q2-update/bin/../lib/gcc/arm-none-eabi/7.3.1/../../../../arm-none-eabi/lib/thumb/v6-m/crt0.o
_svfiprintf_r                                     /home/slonegd/code/gcc-arm-none-eabi-7-2018-q2-update/bin/../lib/gcc/arm-none-eabi/7.3.1/../../../../arm-none-eabi/lib/thumb/v6-m/libc_nano.a(lib_a-nano-svfprintf.o)
_svfprintf_r                                      /home/slonegd/code/gcc-arm-none-eabi-7-2018-q2-update/bin/../lib/gcc/arm-none-eabi/7.3.1/../../../../arm-none-eabi/lib/thumb/v6-m/libc_nano.a(lib_a-nano-svfprintf.o)
                                                  /home/slonegd/code/gcc-arm-none-eabi-7-2018-q2-update/bin/../lib/gcc/arm-none-eabi/7.3.1/../../../../arm-none-eabi/lib/thumb/v6-m/libc_nano.a(lib_a-sprintf.o)
atexit                                            /home/slonegd/code/gcc-arm-none-eabi-7-2018-q2-update/bin/../lib/gcc/arm-none-eabi/7.3.1/../../../../arm-none-eabi/lib/thumb/v6-m/crt0.o
block_delay(unsigned int)                         build/main.o
char* std::copy<char const*, char*>(char const*, char const*, char*) build/main.o